Archive member included to satisfy reference by file (symbol)

c:/program files (x86)/atmel/studio/7.0/toolchain/avr8/avr8-gnu-toolchain/bin/../lib/gcc/avr/5.4.0/../../../../avr/lib/avr5\libm.a(addsf3.o)
                              functions.o (__subsf3)
c:/program files (x86)/atmel/studio/7.0/toolchain/avr8/avr8-gnu-toolchain/bin/../lib/gcc/avr/5.4.0/../../../../avr/lib/avr5\libm.a(addsf3x.o)
                              c:/program files (x86)/atmel/studio/7.0/toolchain/avr8/avr8-gnu-toolchain/bin/../lib/gcc/avr/5.4.0/../../../../avr/lib/avr5\libm.a(addsf3.o) (__addsf3x)
c:/program files (x86)/atmel/studio/7.0/toolchain/avr8/avr8-gnu-toolchain/bin/../lib/gcc/avr/5.4.0/../../../../avr/lib/avr5\libm.a(cmpsf2.o)
                              functions.o (__ltsf2)
c:/program files (x86)/atmel/studio/7.0/toolchain/avr8/avr8-gnu-toolchain/bin/../lib/gcc/avr/5.4.0/../../../../avr/lib/avr5\libm.a(divsf3.o)
                              StepperA.o (__divsf3)
c:/program files (x86)/atmel/studio/7.0/toolchain/avr8/avr8-gnu-toolchain/bin/../lib/gcc/avr/5.4.0/../../../../avr/lib/avr5\libm.a(divsf3x.o)
                              c:/program files (x86)/atmel/studio/7.0/toolchain/avr8/avr8-gnu-toolchain/bin/../lib/gcc/avr/5.4.0/../../../../avr/lib/avr5\libm.a(divsf3.o) (__divsf3x)
c:/program files (x86)/atmel/studio/7.0/toolchain/avr8/avr8-gnu-toolchain/bin/../lib/gcc/avr/5.4.0/../../../../avr/lib/avr5\libm.a(fixsfsi.o)
                              functions.o (__fixsfsi)
c:/program files (x86)/atmel/studio/7.0/toolchain/avr8/avr8-gnu-toolchain/bin/../lib/gcc/avr/5.4.0/../../../../avr/lib/avr5\libm.a(fixunssfsi.o)
                              StepperA.o (__fixunssfsi)
c:/program files (x86)/atmel/studio/7.0/toolchain/avr8/avr8-gnu-toolchain/bin/../lib/gcc/avr/5.4.0/../../../../avr/lib/avr5\libm.a(floatsisf.o)
                              StepperA.o (__floatunsisf)
c:/program files (x86)/atmel/studio/7.0/toolchain/avr8/avr8-gnu-toolchain/bin/../lib/gcc/avr/5.4.0/../../../../avr/lib/avr5\libm.a(fp_cmp.o)
                              c:/program files (x86)/atmel/studio/7.0/toolchain/avr8/avr8-gnu-toolchain/bin/../lib/gcc/avr/5.4.0/../../../../avr/lib/avr5\libm.a(cmpsf2.o) (__fp_cmp)
c:/program files (x86)/atmel/studio/7.0/toolchain/avr8/avr8-gnu-toolchain/bin/../lib/gcc/avr/5.4.0/../../../../avr/lib/avr5\libm.a(fp_inf.o)
                              c:/program files (x86)/atmel/studio/7.0/toolchain/avr8/avr8-gnu-toolchain/bin/../lib/gcc/avr/5.4.0/../../../../avr/lib/avr5\libm.a(addsf3x.o) (__fp_inf)
c:/program files (x86)/atmel/studio/7.0/toolchain/avr8/avr8-gnu-toolchain/bin/../lib/gcc/avr/5.4.0/../../../../avr/lib/avr5\libm.a(fp_nan.o)
                              c:/program files (x86)/atmel/studio/7.0/toolchain/avr8/avr8-gnu-toolchain/bin/../lib/gcc/avr/5.4.0/../../../../avr/lib/avr5\libm.a(addsf3x.o) (__fp_nan)
c:/program files (x86)/atmel/studio/7.0/toolchain/avr8/avr8-gnu-toolchain/bin/../lib/gcc/avr/5.4.0/../../../../avr/lib/avr5\libm.a(fp_pscA.o)
                              c:/program files (x86)/atmel/studio/7.0/toolchain/avr8/avr8-gnu-toolchain/bin/../lib/gcc/avr/5.4.0/../../../../avr/lib/avr5\libm.a(addsf3x.o) (__fp_pscA)
c:/program files (x86)/atmel/studio/7.0/toolchain/avr8/avr8-gnu-toolchain/bin/../lib/gcc/avr/5.4.0/../../../../avr/lib/avr5\libm.a(fp_pscB.o)
                              c:/program files (x86)/atmel/studio/7.0/toolchain/avr8/avr8-gnu-toolchain/bin/../lib/gcc/avr/5.4.0/../../../../avr/lib/avr5\libm.a(addsf3x.o) (__fp_pscB)
c:/program files (x86)/atmel/studio/7.0/toolchain/avr8/avr8-gnu-toolchain/bin/../lib/gcc/avr/5.4.0/../../../../avr/lib/avr5\libm.a(fp_round.o)
                              c:/program files (x86)/atmel/studio/7.0/toolchain/avr8/avr8-gnu-toolchain/bin/../lib/gcc/avr/5.4.0/../../../../avr/lib/avr5\libm.a(addsf3.o) (__fp_round)
c:/program files (x86)/atmel/studio/7.0/toolchain/avr8/avr8-gnu-toolchain/bin/../lib/gcc/avr/5.4.0/../../../../avr/lib/avr5\libm.a(fp_split3.o)
                              c:/program files (x86)/atmel/studio/7.0/toolchain/avr8/avr8-gnu-toolchain/bin/../lib/gcc/avr/5.4.0/../../../../avr/lib/avr5\libm.a(addsf3x.o) (__fp_split3)
c:/program files (x86)/atmel/studio/7.0/toolchain/avr8/avr8-gnu-toolchain/bin/../lib/gcc/avr/5.4.0/../../../../avr/lib/avr5\libm.a(fp_zero.o)
                              c:/program files (x86)/atmel/studio/7.0/toolchain/avr8/avr8-gnu-toolchain/bin/../lib/gcc/avr/5.4.0/../../../../avr/lib/avr5\libm.a(addsf3x.o) (__fp_zero)
c:/program files (x86)/atmel/studio/7.0/toolchain/avr8/avr8-gnu-toolchain/bin/../lib/gcc/avr/5.4.0/../../../../avr/lib/avr5\libm.a(gesf2.o)
                              StepperA.o (__gtsf2)
c:/program files (x86)/atmel/studio/7.0/toolchain/avr8/avr8-gnu-toolchain/bin/../lib/gcc/avr/5.4.0/../../../../avr/lib/avr5\libm.a(mulsf3.o)
                              functions.o (__mulsf3)
[...]
Memory Configuration

Name             Origin             Length             Attributes
text             0x00000000         0x00008000         xr
data             0x00800100         0x00000a00         rw !x
eeprom           0x00810000         0x00000400         rw !x
fuse             0x00820000         0x00000003         rw !x
lock             0x00830000         0x00000400         rw !x
signature        0x00840000         0x00000400         rw !x
user_signatures  0x00850000         0x00000400         rw !x
*default*        0x00000000         0xffffffff

Linker script and memory map

Address of section .data set to 0x800100
LOAD C:/Program Files (x86)/Atmel/Studio/7.0/Packs/atmel/ATmega_DFP/1.6.364/gcc/dev/atmega32u4/avr5/crtatmega32u4.o
LOAD Communication.o
LOAD Descriptors.o
LOAD functions.o
LOAD src/Stepper.o
LOAD Stepper.o
LOAD StepperA.o
LOAD src/LUFA/LUFA/Drivers/Board/Temperature.o
LOAD src/LUFA/LUFA/Drivers/Peripheral/AVR8/Serial_AVR8.o
LOAD src/LUFA/LUFA/Drivers/Peripheral/AVR8/TWI_AVR8.o
LOAD src/LUFA/LUFA/Drivers/Peripheral/XMEGA/Serial_XMEGA.o
LOAD src/LUFA/LUFA/Drivers/Peripheral/XMEGA/TWI_XMEGA.o
LOAD src/LUFA/LUFA/Drivers/USB/Class/Common/HIDParser.o
LOAD src/LUFA/LUFA/Drivers/USB/Class/Device/AudioClassDevice.o
LOAD src/LUFA/LUFA/Drivers/USB/Class/Device/CCIDClassDevice.o
LOAD src/LUFA/LUFA/Drivers/USB/Class/Device/CDCClassDevice.o
LOAD src/LUFA/LUFA/Drivers/USB/Class/Device/HIDClassDevice.o
LOAD src/LUFA/LUFA/Drivers/USB/Class/Device/MassStorageClassDevice.o
LOAD src/LUFA/LUFA/Drivers/USB/Class/Device/MIDIClassDevice.o
LOAD src/LUFA/LUFA/Drivers/USB/Class/Device/PrinterClassDevice.o
LOAD src/LUFA/LUFA/Drivers/USB/Class/Device/RNDISClassDevice.o
LOAD src/LUFA/LUFA/Drivers/USB/Class/Host/AndroidAccessoryClassHost.o
LOAD src/LUFA/LUFA/Drivers/USB/Class/Host/AudioClassHost.o
LOAD src/LUFA/LUFA/Drivers/USB/Class/Host/CDCClassHost.o
LOAD src/LUFA/LUFA/Drivers/USB/Class/Host/HIDClassHost.o
LOAD src/LUFA/LUFA/Drivers/USB/Class/Host/MassStorageClassHost.o
LOAD src/LUFA/LUFA/Drivers/USB/Class/Host/MIDIClassHost.o
LOAD src/LUFA/LUFA/Drivers/USB/Class/Host/PrinterClassHost.o
LOAD src/LUFA/LUFA/Drivers/USB/Class/Host/RNDISClassHost.o
LOAD src/LUFA/LUFA/Drivers/USB/Class/Host/StillImageClassHost.o
LOAD src/LUFA/LUFA/Drivers/USB/Core/AVR8/Device_AVR8.o
LOAD src/LUFA/LUFA/Drivers/USB/Core/AVR8/EndpointStream_AVR8.o
LOAD src/LUFA/LUFA/Drivers/USB/Core/AVR8/Endpoint_AVR8.o
LOAD src/LUFA/LUFA/Drivers/USB/Core/AVR8/Host_AVR8.o
LOAD src/LUFA/LUFA/Drivers/USB/Core/AVR8/PipeStream_AVR8.o
LOAD src/LUFA/LUFA/Drivers/USB/Core/AVR8/Pipe_AVR8.o
LOAD src/LUFA/LUFA/Drivers/USB/Core/AVR8/Template/Template_Endpoint_Control_R.o
LOAD src/LUFA/LUFA/Drivers/USB/Core/AVR8/Template/Template_Endpoint_Control_W.o
LOAD src/LUFA/LUFA/Drivers/USB/Core/AVR8/Template/Template_Endpoint_RW.o
LOAD src/LUFA/LUFA/Drivers/USB/Core/AVR8/Template/Template_Pipe_RW.o
LOAD src/LUFA/LUFA/Drivers/USB/Core/AVR8/USBController_AVR8.o
LOAD src/LUFA/LUFA/Drivers/USB/Core/AVR8/USBInterrupt_AVR8.o
LOAD src/LUFA/LUFA/Drivers/USB/Core/ConfigDescriptors.o
LOAD src/LUFA/LUFA/Drivers/USB/Core/DeviceStandardReq.o
LOAD src/LUFA/LUFA/Drivers/USB/Core/Events.o
LOAD src/LUFA/LUFA/Drivers/USB/Core/HostStandardReq.o
LOAD src/LUFA/LUFA/Drivers/USB/Core/UC3/Device_UC3.o
LOAD src/LUFA/LUFA/Drivers/USB/Core/UC3/EndpointStream_UC3.o
LOAD src/LUFA/LUFA/Drivers/USB/Core/UC3/Endpoint_UC3.o
LOAD src/LUFA/LUFA/Drivers/USB/Core/UC3/Host_UC3.o
LOAD src/LUFA/LUFA/Drivers/USB/Core/UC3/PipeStream_UC3.o
LOAD src/LUFA/LUFA/Drivers/USB/Core/UC3/Pipe_UC3.o
LOAD src/LUFA/LUFA/Drivers/USB/Core/UC3/Template/Template_Endpoint_Control_R.o
LOAD src/LUFA/LUFA/Drivers/USB/Core/UC3/Template/Template_Endpoint_Control_W.o
LOAD src/LUFA/LUFA/Drivers/USB/Core/UC3/Template/Template_Endpoint_RW.o
LOAD src/LUFA/LUFA/Drivers/USB/Core/UC3/Template/Template_Pipe_RW.o
LOAD src/LUFA/LUFA/Drivers/USB/Core/UC3/USBController_UC3.o
LOAD src/LUFA/LUFA/Drivers/USB/Core/UC3/USBInterrupt_UC3.o
LOAD src/LUFA/LUFA/Drivers/USB/Core/USBTask.o
LOAD src/LUFA/LUFA/Drivers/USB/Core/XMEGA/Device_XMEGA.o
LOAD src/LUFA/LUFA/Drivers/USB/Core/XMEGA/EndpointStream_XMEGA.o
LOAD src/LUFA/LUFA/Drivers/USB/Core/XMEGA/Endpoint_XMEGA.o
LOAD src/LUFA/LUFA/Drivers/USB/Core/XMEGA/Host_XMEGA.o
LOAD src/LUFA/LUFA/Drivers/USB/Core/XMEGA/PipeStream_XMEGA.o
LOAD src/LUFA/LUFA/Drivers/USB/Core/XMEGA/Pipe_XMEGA.o
LOAD src/LUFA/LUFA/Drivers/USB/Core/XMEGA/Template/Template_Endpoint_Control_R.o
LOAD src/LUFA/LUFA/Drivers/USB/Core/XMEGA/Template/Template_Endpoint_Control_W.o
LOAD src/LUFA/LUFA/Drivers/USB/Core/XMEGA/Template/Template_Endpoint_RW.o
LOAD src/LUFA/LUFA/Drivers/USB/Core/XMEGA/USBController_XMEGA.o
LOAD src/LUFA/LUFA/Drivers/USB/Core/XMEGA/USBInterrupt_XMEGA.o
LOAD src/LUFA/LUFA/Platform/UC3/Exception.o
LOAD src/LUFA/LUFA/Platform/UC3/InterruptManagement.o
LOAD main.o
START GROUP
LOAD c:/program files (x86)/atmel/studio/7.0/toolchain/avr8/avr8-gnu-toolchain/bin/../lib/gcc/avr/5.4.0/../../../../avr/lib/avr5\libm.a
END GROUP
START GROUP
LOAD c:/program files (x86)/atmel/studio/7.0/toolchain/avr8/avr8-gnu-toolchain/bin/../lib/gcc/avr/5.4.0/avr5\libgcc.a
LOAD c:/program files (x86)/atmel/studio/7.0/toolchain/avr8/avr8-gnu-toolchain/bin/../lib/gcc/avr/5.4.0/../../../../avr/lib/avr5\libm.a
LOAD c:/program files (x86)/atmel/studio/7.0/toolchain/avr8/avr8-gnu-toolchain/bin/../lib/gcc/avr/5.4.0/../../../../avr/lib/avr5\libc.a
LOAD C:/Program Files (x86)/Atmel/Studio/7.0/Packs/atmel/ATmega_DFP/1.6.364/gcc/dev/atmega32u4/avr5\libatmega32u4.a
END GROUP
                0x00000000                __TEXT_REGION_ORIGIN__ = DEFINED (__TEXT_REGION_ORIGIN__)?__TEXT_REGION_ORIGIN__:0x0
                [0x00800100]                __DATA_REGION_ORIGIN__ = DEFINED (__DATA_REGION_ORIGIN__)?__DATA_REGION_ORIGIN__:0x800060
                [0x00008000]                __TEXT_REGION_LENGTH__ = DEFINED (__TEXT_REGION_LENGTH__)?__TEXT_REGION_LENGTH__:0x20000
                [0x00000a00]                __DATA_REGION_LENGTH__ = DEFINED (__DATA_REGION_LENGTH__)?__DATA_REGION_LENGTH__:0xffa0
                [0x00000400]                __EEPROM_REGION_LENGTH__ = DEFINED (__EEPROM_REGION_LENGTH__)?__EEPROM_REGION_LENGTH__:0x10000
                [0x00000003]                __FUSE_REGION_LENGTH__ = DEFINED (__FUSE_REGION_LENGTH__)?__FUSE_REGION_LENGTH__:0x400
                0x00000400                __LOCK_REGION_LENGTH__ = DEFINED (__LOCK_REGION_LENGTH__)?__LOCK_REGION_LENGTH__:0x400
                0x00000400                __SIGNATURE_REGION_LENGTH__ = DEFINED (__SIGNATURE_REGION_LENGTH__)?__SIGNATURE_REGION_LENGTH__:0x400
                0x00000400                __USER_SIGNATURE_REGION_LENGTH__ = DEFINED (__USER_SIGNATURE_REGION_LENGTH__)?__USER_SIGNATURE_REGION_LENGTH__:0x400

.hash
 *(.hash)

.dynsym
 *(.dynsym)

.dynstr
 *(.dynstr)

.gnu.version
 *(.gnu.version)

.gnu.version_d
 *(.gnu.version_d)

.gnu.version_r
 *(.gnu.version_r)

.rel.init
 *(.rel.init)

.rela.init
 *(.rela.init)

.rel.text
 *(.rel.text)
 *(.rel.text.*)
 *(.rel.gnu.linkonce.t*)

.rela.text
 *(.rela.text)
 *(.rela.text.*)
 *(.rela.gnu.linkonce.t*)

.rel.fini
 *(.rel.fini)

.rela.fini
 *(.rela.fini)

.rel.rodata
 *(.rel.rodata)
 *(.rel.rodata.*)
 *(.rel.gnu.linkonce.r*)

.rela.rodata
 *(.rela.rodata)
 *(.rela.rodata.*)
 *(.rela.gnu.linkonce.r*)

.rel.data
 *(.rel.data)
 *(.rel.data.*)
 *(.rel.gnu.linkonce.d*)

.rela.data
 *(.rela.data)
 *(.rela.data.*)
 *(.rela.gnu.linkonce.d*)

.rel.ctors
 *(.rel.ctors)

.rela.ctors
 *(.rela.ctors)

.rel.dtors
 *(.rel.dtors)

.rela.dtors
 *(.rela.dtors)

.rel.got
 *(.rel.got)

.rela.got
 *(.rela.got)

.rel.bss
 *(.rel.bss)

.rela.bss
 *(.rela.bss)

.rel.plt
 *(.rel.plt)

.rela.plt
 *(.rela.plt)

.text           0x00000000     0x309c
 *(.vectors)
 .vectors       0x00000000       0xac C:/Program Files (x86)/Atmel/Studio/7.0/Packs/atmel/ATmega_DFP/1.6.364/gcc/dev/atmega32u4/avr5/crtatmega32u4.o
                0x00000000                __vector_default
                0x00000000                __vectors
 *(.vectors)
 *(.progmem.gcc*)
                0x000000ac                . = ALIGN (0x2)
                0x000000ac                __trampolines_start = .
 *(.trampolines)
 .trampolines   0x000000ac        0x0 linker stubs
 *(.trampolines*)
                0x000000ac                __trampolines_end = .
 *libprintf_flt.a:*(.progmem.data)
 *libc.a:*(.progmem.data)
 .progmem.data  0x000000ac       0x3b c:/program files (x86)/atmel/studio/7.0/toolchain/avr8/avr8-gnu-toolchain/bin/../lib/gcc/avr/5.4.0/../../../../avr/lib/avr5\libc.a(strtod.o)
 *(.progmem*)
 .progmem.data.ProductString
                0x000000e7       0x2e Descriptors.o
                0x000000e7                ProductString
 .progmem.data.ManufacturerString
                0x00000115       0x1e Descriptors.o
                0x00000115                ManufacturerString
 .progmem.data.LanguageString
                0x00000133        0x4 Descriptors.o
                0x00000133                LanguageString
 .progmem.data.ConfigurationDescriptor
                0x00000137       0x3e Descriptors.o
                0x00000137                ConfigurationDescriptor
 .progmem.data.DeviceDescriptor
                0x00000175       0x12 Descriptors.o
                0x00000175                DeviceDescriptor
                0x00000188                . = ALIGN (0x2)
 *fill*         0x00000187        0x1 
 *(.jumptables)
 *(.jumptables*)
 *(.lowtext)
 *(.lowtext*)
                0x00000188                __ctors_start = .
 *(.ctors)
                0x00000188                __ctors_end = .
                0x00000188                __dtors_start = .
 *(.dtors)
                0x00000188                __dtors_end = .
 SORT(*)(.ctors)
 SORT(*)(.dtors)
 *(.init0)
 .init0         0x00000188        0x0 C:/Program Files (x86)/Atmel/Studio/7.0/Packs/atmel/ATmega_DFP/1.6.364/gcc/dev/atmega32u4/avr5/crtatmega32u4.o
                0x00000188                __init
 *(.init0)
 *(.init1)
 *(.init1)
 *(.init2)
 .init2         0x00000188        0xc C:/Program Files (x86)/Atmel/Studio/7.0/Packs/atmel/ATmega_DFP/1.6.364/gcc/dev/atmega32u4/avr5/crtatmega32u4.o
 *(.init2)
 *(.init3)
 *(.init3)
 *(.init4)
 .init4         0x00000194       0x16 c:/program files (x86)/atmel/studio/7.0/toolchain/avr8/avr8-gnu-toolchain/bin/../lib/gcc/avr/5.4.0/avr5\libgcc.a(_copy_data.o)
                0x00000194                __do_copy_data
 .init4         0x000001aa       0x10 c:/program files (x86)/atmel/studio/7.0/toolchain/avr8/avr8-gnu-toolchain/bin/../lib/gcc/avr/5.4.0/avr5\libgcc.a(_clear_bss.o)
                0x000001aa                __do_clear_bss
 *(.init4)
 *(.init5)
 *(.init5)
 *(.init6)
 *(.init6)
 *(.init7)
 *(.init7)
 *(.init8)
 *(.init8)
 *(.init9)
 .init9         0x000001ba        0x8 C:/Program Files (x86)/Atmel/Studio/7.0/Packs/atmel/ATmega_DFP/1.6.364/gcc/dev/atmega32u4/avr5/crtatmega32u4.o
 *(.init9)
 *(.text)
 .text          0x000001c2        0x2 C:/Program Files (x86)/Atmel/Studio/7.0/Packs/atmel/ATmega_DFP/1.6.364/gcc/dev/atmega32u4/avr5/crtatmega32u4.o
                0x000001c2                __vector_38
                0x000001c2                __vector_22
                0x000001c2                __vector_28
                0x000001c2                __vector_1
                0x000001c2                __vector_32
                0x000001c2                __vector_34
                0x000001c2                __vector_24
                0x000001c2                __vector_12
                0x000001c2                __bad_interrupt
                0x000001c2                __vector_6
                0x000001c2                __vector_31
                0x000001c2                __vector_35
                0x000001c2                __vector_39
                0x000001c2                __vector_3
                0x000001c2                __vector_23
                0x000001c2                __vector_30
                0x000001c2                __vector_25
                0x000001c2                __vector_13
                0x000001c2                __vector_19
                0x000001c2                __vector_7
                0x000001c2                __vector_41
                0x000001c2                __vector_27
                0x000001c2                __vector_5
                0x000001c2                __vector_33
                0x000001c2                __vector_37
                0x000001c2                __vector_4
                0x000001c2                __vector_9
                0x000001c2                __vector_2
                0x000001c2                __vector_21
                0x000001c2                __vector_15
                0x000001c2                __vector_36
                0x000001c2                __vector_29
                0x000001c2                __vector_40
                0x000001c2                __vector_8
                0x000001c2                __vector_26
                0x000001c2                __vector_14
                0x000001c2                __vector_16
                0x000001c2                __vector_18
                0x000001c2                __vector_20
                0x000001c2                __vector_42
                0x000001c4                . = ALIGN (0x2)
 *(.text.*)
 .text.putCDCtoBuffer
                0x000001c4       0x5e Communication.o
                0x000001c4                putCDCtoBuffer
 .text.checkBufferForCommands
                0x00000222       0xc0 Communication.o
                0x00000222                checkBufferForCommands
 .text.handleCommands
                0x000002e2      0x8b8 Communication.o
                0x000002e2                handleCommands
 .text.CALLBACK_USB_GetDescriptor
                0x00000b9a       0x78 Descriptors.o
                0x00000b9a                CALLBACK_USB_GetDescriptor
 .text.double2str
                0x00000c12       0xda functions.o
                0x00000c12                double2str
 .text.driveHalt
                0x00000cec        0x4 Stepper.o
                0x00000cec                driveHalt
 .text.emergencyStop
                0x00000cf0        0xc Stepper.o
                0x00000cf0                emergencyStop
 .text.emergencyStopRelease
                0x00000cfc        0x8 Stepper.o
                0x00000cfc                emergencyStopRelease
 .text.stepper_a_home
                0x00000d04       0x30 StepperA.o
                0x00000d04                stepper_a_home
 .text.stepper_a_zero
                0x00000d34       0x22 StepperA.o
                0x00000d34                stepper_a_zero
 .text.stepper_a_halt
                0x00000d56       0x22 StepperA.o
                0x00000d56                stepper_a_halt
 .text.stepper_a_setSetPoint
                0x00000d78       0x92 StepperA.o
                0x00000d78                stepper_a_setSetPoint
 .text.stepper_a_getValue
                0x00000e0a       0x2a StepperA.o
                0x00000e0a                stepper_a_getValue
 .text.stepper_a_setSpeed
                0x00000e34      0x198 StepperA.o
                0x00000e34                stepper_a_setSpeed
 .text.stepper_a_init
                0x00000fcc       0x82 StepperA.o
                0x00000fcc                stepper_a_init
 .text.stepper_a_getSpeed
                0x0000104e       0x2a StepperA.o
                0x0000104e                stepper_a_getSpeed
 .text.stepper_a_setPrescaler
                0x00001078       0xae StepperA.o
                0x00001078                stepper_a_setPrescaler
 .text.stepper_a_setMotionState
                0x00001126       0x7e StepperA.o
                0x00001126                stepper_a_setMotionState
 .text.stepper_a_loop
                0x000011a4      0x12e StepperA.o
                0x000011a4                stepper_a_loop
 .text.__vector_17
                0x000012d2       0xce StepperA.o
                0x000012d2                __vector_17
 .text.CDC_Device_ConfigureEndpoints
                0x000013a0       0x44 src/LUFA/LUFA/Drivers/USB/Class/Device/CDCClassDevice.o
                0x000013a0                CDC_Device_ConfigureEndpoints
 .text.CDC_Device_SendString
                0x000013e4       0x44 src/LUFA/LUFA/Drivers/USB/Class/Device/CDCClassDevice.o
                0x000013e4                CDC_Device_SendString
 .text.CDC_Device_SendByte
                0x00001428       0x50 src/LUFA/LUFA/Drivers/USB/Class/Device/CDCClassDevice.o
                0x00001428                CDC_Device_SendByte
 .text.CDC_Device_Flush
                0x00001478       0x64 src/LUFA/LUFA/Drivers/USB/Class/Device/CDCClassDevice.o
                0x00001478                CDC_Device_Flush
 .text.CDC_Device_USBTask
                0x000014dc       0x30 src/LUFA/LUFA/Drivers/USB/Class/Device/CDCClassDevice.o
                0x000014dc                CDC_Device_USBTask
 .text.CDC_Device_ReceiveByte
                0x0000150c       0x7e src/LUFA/LUFA/Drivers/USB/Class/Device/CDCClassDevice.o
                0x0000150c                CDC_Device_ReceiveByte
 .text.CDC_Device_Event_Stub
                0x0000158a        0x2 src/LUFA/LUFA/Drivers/USB/Class/Device/CDCClassDevice.o
                0x0000158a                CDC_Device_Event_Stub
                0x0000158a                EVENT_CDC_Device_LineEncodingChanged
 .text.CDC_Device_Event_Stub_2
                0x0000158c        0x2 src/LUFA/LUFA/Drivers/USB/Class/Device/CDCClassDevice.o
                0x0000158c                EVENT_CDC_Device_BreakSent
                0x0000158c                CDC_Device_Event_Stub_2
 .text.CDC_Device_ProcessControlRequest
                0x0000158e      0x140 src/LUFA/LUFA/Drivers/USB/Class/Device/CDCClassDevice.o
                0x0000158e                CDC_Device_ProcessControlRequest
 .text.Endpoint_Write_Stream_LE
                0x000016ce       0xb8 src/LUFA/LUFA/Drivers/USB/Core/AVR8/EndpointStream_AVR8.o
                0x000016ce                Endpoint_Write_Stream_LE
 .text.Endpoint_Write_Control_Stream_LE
                0x00001786      0x108 src/LUFA/LUFA/Drivers/USB/Core/AVR8/EndpointStream_AVR8.o
                0x00001786                Endpoint_Write_Control_Stream_LE
 .text.Endpoint_Write_Control_PStream_LE
                0x0000188e      0x10a src/LUFA/LUFA/Drivers/USB/Core/AVR8/EndpointStream_AVR8.o
                0x0000188e                Endpoint_Write_Control_PStream_LE
 .text.Endpoint_ConfigureEndpoint_Prv
                0x00001998       0xcc src/LUFA/LUFA/Drivers/USB/Core/AVR8/Endpoint_AVR8.o
                0x00001998                Endpoint_ConfigureEndpoint_Prv
 .text.Endpoint_ConfigureEndpointTable
                0x00001a64       0x9e src/LUFA/LUFA/Drivers/USB/Core/AVR8/Endpoint_AVR8.o
                0x00001a64                Endpoint_ConfigureEndpointTable
 .text.Endpoint_ClearStatusStage
                0x00001b02       0x48 src/LUFA/LUFA/Drivers/USB/Core/AVR8/Endpoint_AVR8.o
                0x00001b02                Endpoint_ClearStatusStage
 .text.Endpoint_WaitUntilReady
                0x00001b4a       0x82 src/LUFA/LUFA/Drivers/USB/Core/AVR8/Endpoint_AVR8.o
                0x00001b4a                Endpoint_WaitUntilReady
 .text.USB_ResetInterface
                0x00001bcc       0x80 src/LUFA/LUFA/Drivers/USB/Core/AVR8/USBController_AVR8.o
                0x00001bcc                USB_ResetInterface
 .text.USB_Init
                0x00001c4c       0x22 src/LUFA/LUFA/Drivers/USB/Core/AVR8/USBController_AVR8.o
                0x00001c4c                USB_Init
 .text.USB_INT_DisableAllInterrupts
                0x00001c6e       0x10 src/LUFA/LUFA/Drivers/USB/Core/AVR8/USBInterrupt_AVR8.o
                0x00001c6e                USB_INT_DisableAllInterrupts
 .text.USB_INT_ClearAllInterrupts
                0x00001c7e        0xa src/LUFA/LUFA/Drivers/USB/Core/AVR8/USBInterrupt_AVR8.o
                0x00001c7e                USB_INT_ClearAllInterrupts
 .text.__vector_10
                0x00001c88      0x18a src/LUFA/LUFA/Drivers/USB/Core/AVR8/USBInterrupt_AVR8.o
                0x00001c88                __vector_10
 .text.__vector_11
                0x00001e12       0xa0 src/LUFA/LUFA/Drivers/USB/Core/AVR8/USBInterrupt_AVR8.o
                0x00001e12                __vector_11
 .text.USB_Device_ProcessControlRequest
                0x00001eb2      0x2f2 src/LUFA/LUFA/Drivers/USB/Core/DeviceStandardReq.o
                0x00001eb2                USB_Device_ProcessControlRequest
 .text.USB_Event_Stub
                0x000021a4        0x2 src/LUFA/LUFA/Drivers/USB/Core/Events.o
                0x000021a4                USB_Event_Stub
                0x000021a4                EVENT_USB_Device_Suspend
                0x000021a4                EVENT_USB_Device_StartOfFrame
                0x000021a4                EVENT_USB_Device_Reset
                0x000021a4                EVENT_USB_Device_WakeUp
 .text.USB_USBTask
                0x000021a6       0x34 src/LUFA/LUFA/Drivers/USB/Core/USBTask.o
                0x000021a6                USB_USBTask
 .text.main     0x000021da       0xaa main.o
                0x000021da                main
 .text.EVENT_USB_Device_Connect
                0x00002284        0x2 main.o
                0x00002284                EVENT_USB_Device_Connect
 .text.EVENT_USB_Device_Disconnect
                0x00002286        0x2 main.o
                0x00002286                EVENT_USB_Device_Disconnect
 .text.EVENT_USB_Device_ConfigurationChanged
                0x00002288        0x8 main.o
                0x00002288                EVENT_USB_Device_ConfigurationChanged
 .text.EVENT_USB_Device_ControlRequest
                0x00002290        0x8 main.o
                0x00002290                EVENT_USB_Device_ControlRequest
 .text.EVENT_CDC_Device_ControLineStateChanged
                0x00002298        0x2 main.o
                0x00002298                EVENT_CDC_Device_ControLineStateChanged
 .text.avr-libc.fplib
                0x0000229a        0xa c:/program files (x86)/atmel/studio/7.0/toolchain/avr8/avr8-gnu-toolchain/bin/../lib/gcc/avr/5.4.0/../../../../avr/lib/avr5\libm.a(addsf3.o)
                0x0000229a                __subsf3
                0x0000229c                __addsf3
 .text.avr-libc.fplib
                0x000022a4       0xc0 c:/program files (x86)/atmel/studio/7.0/toolchain/avr8/avr8-gnu-toolchain/bin/../lib/gcc/avr/5.4.0/../../../../avr/lib/avr5\libm.a(addsf3x.o)
                0x000022be                __addsf3x
 .text.avr-libc.fplib
                0x00002364        0x8 c:/program files (x86)/atmel/studio/7.0/toolchain/avr8/avr8-gnu-toolchain/bin/../lib/gcc/avr/5.4.0/../../../../avr/lib/avr5\libm.a(cmpsf2.o)
                0x00002364                __nesf2
                0x00002364                __eqsf2
                0x00002364                __cmpsf2
                0x00002364                __ltsf2
                0x00002364                __lesf2
 .text.avr-libc.fplib
                0x0000236c        0x4 c:/program files (x86)/atmel/studio/7.0/toolchain/avr8/avr8-gnu-toolchain/bin/../lib/gcc/avr/5.4.0/../../../../avr/lib/avr5\libm.a(divsf3.o)
                0x0000236c                __divsf3
 .text.avr-libc.fplib
                0x00002370       0xcc c:/program files (x86)/atmel/studio/7.0/toolchain/avr8/avr8-gnu-toolchain/bin/../lib/gcc/avr/5.4.0/../../../../avr/lib/avr5\libm.a(divsf3x.o)
                0x00002386                __divsf3x
                0x0000238a                __divsf3_pse
 .text.avr-libc.fplib
                0x0000243c        0xa c:/program files (x86)/atmel/studio/7.0/toolchain/avr8/avr8-gnu-toolchain/bin/../lib/gcc/avr/5.4.0/../../../../avr/lib/avr5\libm.a(fixsfsi.o)
                0x0000243c                __fixsfsi
 .text.avr-libc.fplib
                0x00002446       0x58 c:/program files (x86)/atmel/studio/7.0/toolchain/avr8/avr8-gnu-toolchain/bin/../lib/gcc/avr/5.4.0/../../../../avr/lib/avr5\libm.a(fixunssfsi.o)
                0x00002446                __fixunssfsi
 .text.avr-libc.fplib
                0x0000249e       0x7a c:/program files (x86)/atmel/studio/7.0/toolchain/avr8/avr8-gnu-toolchain/bin/../lib/gcc/avr/5.4.0/../../../../avr/lib/avr5\libm.a(floatsisf.o)
                0x0000249e                __floatunsisf
                0x000024a2                __floatsisf
 .text.avr-libc.fplib
                0x00002518       0x48 c:/program files (x86)/atmel/studio/7.0/toolchain/avr8/avr8-gnu-toolchain/bin/../lib/gcc/avr/5.4.0/../../../../avr/lib/avr5\libm.a(fp_cmp.o)
                0x00002518                __fp_cmp
 .text.avr-libc.fplib
                0x00002560        0xc c:/program files (x86)/atmel/studio/7.0/toolchain/avr8/avr8-gnu-toolchain/bin/../lib/gcc/avr/5.4.0/../../../../avr/lib/avr5\libm.a(fp_inf.o)
                0x00002560                __fp_inf
 .text.avr-libc.fplib
                0x0000256c        0x6 c:/program files (x86)/atmel/studio/7.0/toolchain/avr8/avr8-gnu-toolchain/bin/../lib/gcc/avr/5.4.0/../../../../avr/lib/avr5\libm.a(fp_nan.o)
                0x0000256c                __fp_nan
 .text.avr-libc.fplib
                0x00002572        0xe c:/program files (x86)/atmel/studio/7.0/toolchain/avr8/avr8-gnu-toolchain/bin/../lib/gcc/avr/5.4.0/../../../../avr/lib/avr5\libm.a(fp_pscA.o)
                0x00002572                __fp_pscA
 .text.avr-libc.fplib
                0x00002580        0xe c:/program files (x86)/atmel/studio/7.0/toolchain/avr8/avr8-gnu-toolchain/bin/../lib/gcc/avr/5.4.0/../../../../avr/lib/avr5\libm.a(fp_pscB.o)
                0x00002580                __fp_pscB
 .text.avr-libc.fplib
                0x0000258e       0x22 c:/program files (x86)/atmel/studio/7.0/toolchain/avr8/avr8-gnu-toolchain/bin/../lib/gcc/avr/5.4.0/../../../../avr/lib/avr5\libm.a(fp_round.o)
                0x0000258e                __fp_round
 .text.avr-libc.fplib
                0x000025b0       0x44 c:/program files (x86)/atmel/studio/7.0/toolchain/avr8/avr8-gnu-toolchain/bin/../lib/gcc/avr/5.4.0/../../../../avr/lib/avr5\libm.a(fp_split3.o)
                0x000025b0                __fp_split3
                0x000025c0                __fp_splitA
 .text.avr-libc.fplib
                0x000025f4        0xe c:/program files (x86)/atmel/studio/7.0/toolchain/avr8/avr8-gnu-toolchain/bin/../lib/gcc/avr/5.4.0/../../../../avr/lib/avr5\libm.a(fp_zero.o)
                0x000025f4                __fp_zero
                0x000025f6                __fp_szero
 .text.avr-libc.fplib
                0x00002602        0x8 c:/program files (x86)/atmel/studio/7.0/toolchain/avr8/avr8-gnu-toolchain/bin/../lib/gcc/avr/5.4.0/../../../../avr/lib/avr5\libm.a(gesf2.o)
                0x00002602                __gesf2
                0x00002602                __gtsf2
 .text.avr-libc.fplib
                0x0000260a        0x4 c:/program files (x86)/atmel/studio/7.0/toolchain/avr8/avr8-gnu-toolchain/bin/../lib/gcc/avr/5.4.0/../../../../avr/lib/avr5\libm.a(mulsf3.o)
                0x0000260a                __mulsf3
 .text.avr-libc.fplib
                0x0000260e       0xc2 c:/program files (x86)/atmel/studio/7.0/toolchain/avr8/avr8-gnu-toolchain/bin/../lib/gcc/avr/5.4.0/../../../../avr/lib/avr5\libm.a(mulsf3x.o)
                0x00002622                __mulsf3x
                0x00002626                __mulsf3_pse
 .text.avr-libc.fplib
                0x000026d0        0xe c:/program files (x86)/atmel/studio/7.0/toolchain/avr8/avr8-gnu-toolchain/bin/../lib/gcc/avr/5.4.0/../../../../avr/lib/avr5\libm.a(trunc.o)
                0x000026d0                trunc
 .text.avr-libc.fplib
                0x000026de       0x36 c:/program files (x86)/atmel/studio/7.0/toolchain/avr8/avr8-gnu-toolchain/bin/../lib/gcc/avr/5.4.0/../../../../avr/lib/avr5\libm.a(fp_mintl.o)
                0x000026de                __fp_mintl
 .text.avr-libc.fplib
                0x00002714       0x1c c:/program files (x86)/atmel/studio/7.0/toolchain/avr8/avr8-gnu-toolchain/bin/../lib/gcc/avr/5.4.0/../../../../avr/lib/avr5\libm.a(fp_mpack.o)
                0x00002714                __fp_mpack
                0x00002718                __fp_mpack_finite
 .text.avr-libc.fplib
                0x00002730       0x2e c:/program files (x86)/atmel/studio/7.0/toolchain/avr8/avr8-gnu-toolchain/bin/../lib/gcc/avr/5.4.0/../../../../avr/lib/avr5\libm.a(fp_trunc.o)
                0x00002730                __fp_trunc
 .text.avr-libc
                0x0000275e        0x6 c:/program files (x86)/atmel/studio/7.0/toolchain/avr8/avr8-gnu-toolchain/bin/../lib/gcc/avr/5.4.0/../../../../avr/lib/avr5\libc.a(atof.o)
                0x0000275e                atof
 .text.avr-libc
                0x00002764       0x16 c:/program files (x86)/atmel/studio/7.0/toolchain/avr8/avr8-gnu-toolchain/bin/../lib/gcc/avr/5.4.0/../../../../avr/lib/avr5\libc.a(strcat.o)
                0x00002764                strcat
 .text.avr-libc
                0x0000277a        0xe c:/program files (x86)/atmel/studio/7.0/toolchain/avr8/avr8-gnu-toolchain/bin/../lib/gcc/avr/5.4.0/../../../../avr/lib/avr5\libc.a(strcpy.o)
                0x0000277a                strcpy
 .text.avr-libc
                0x00002788       0x3e c:/program files (x86)/atmel/studio/7.0/toolchain/avr8/avr8-gnu-toolchain/bin/../lib/gcc/avr/5.4.0/../../../../avr/lib/avr5\libc.a(sprintf.o)
                0x00002788                sprintf
 .text.avr-libc
                0x000027c6      0x3a4 c:/program files (x86)/atmel/studio/7.0/toolchain/avr8/avr8-gnu-toolchain/bin/../lib/gcc/avr/5.4.0/../../../../avr/lib/avr5\libc.a(vfprintf_std.o)
                0x000027c6                vfprintf
 .text.avr-libc
                0x00002b6a      0x286 c:/program files (x86)/atmel/studio/7.0/toolchain/avr8/avr8-gnu-toolchain/bin/../lib/gcc/avr/5.4.0/../../../../avr/lib/avr5\libc.a(strtod.o)
                0x00002b6a                strtod
 .text.avr-libc
                0x00002df0       0x10 c:/program files (x86)/atmel/studio/7.0/toolchain/avr8/avr8-gnu-toolchain/bin/../lib/gcc/avr/5.4.0/../../../../avr/lib/avr5\libc.a(isspace.o)
                0x00002df0                isspace
 .text.avr-libc
                0x00002e00       0x30 c:/program files (x86)/atmel/studio/7.0/toolchain/avr8/avr8-gnu-toolchain/bin/../lib/gcc/avr/5.4.0/../../../../avr/lib/avr5\libc.a(strncasecmp_P.o)
                0x00002e00                strncasecmp_P
 .text.avr-libc
                0x00002e30       0x16 c:/program files (x86)/atmel/studio/7.0/toolchain/avr8/avr8-gnu-toolchain/bin/../lib/gcc/avr/5.4.0/../../../../avr/lib/avr5\libc.a(strnlen_P.o)
                0x00002e30                strnlen_P
 .text.avr-libc
                0x00002e46       0x16 c:/program files (x86)/atmel/studio/7.0/toolchain/avr8/avr8-gnu-toolchain/bin/../lib/gcc/avr/5.4.0/../../../../avr/lib/avr5\libc.a(strnlen.o)
                0x00002e46                strnlen
 .text.avr-libc
                0x00002e5c       0x78 c:/program files (x86)/atmel/studio/7.0/toolchain/avr8/avr8-gnu-toolchain/bin/../lib/gcc/avr/5.4.0/../../../../avr/lib/avr5\libc.a(fputc.o)
                0x00002e5c                fputc
 .text.avr-libc
                0x00002ed4       0xbc c:/program files (x86)/atmel/studio/7.0/toolchain/avr8/avr8-gnu-toolchain/bin/../lib/gcc/avr/5.4.0/../../../../avr/lib/avr5\libc.a(ultoa_invert.o)
                0x00002ed4                __ultoa_invert
 .text.avr-libc
                0x00002f90        0x6 c:/program files (x86)/atmel/studio/7.0/toolchain/avr8/avr8-gnu-toolchain/bin/../lib/gcc/avr/5.4.0/../../../../avr/lib/avr5\libc.a(cty_isfalse.o)
                0x00002f90                __ctype_isfalse
                0x00002f94                __ctype_istrue
 .text.avr-libc
                0x00002f96       0x20 C:/Program Files (x86)/Atmel/Studio/7.0/Packs/atmel/ATmega_DFP/1.6.364/gcc/dev/atmega32u4/avr5\libatmega32u4.a(eerd_block.o)
                0x00002f96                eeprom_read_block
                0x00002f9a                eeprom_read_blraw
 .text.avr-libc
                0x00002fb6       0x1e C:/Program Files (x86)/Atmel/Studio/7.0/Packs/atmel/ATmega_DFP/1.6.364/gcc/dev/atmega32u4/avr5\libatmega32u4.a(eeupd_block.o)
                0x00002fb6                eeprom_update_block
 .text.avr-libc
                0x00002fd4       0x24 C:/Program Files (x86)/Atmel/Studio/7.0/Packs/atmel/ATmega_DFP/1.6.364/gcc/dev/atmega32u4/avr5\libatmega32u4.a(eeupd_byte.o)
                0x00002fd4                eeprom_update_byte
                0x00002fd6                eeprom_update_r18
 .text.libgcc.mul
                0x00002ff8       0x14 c:/program files (x86)/atmel/studio/7.0/toolchain/avr8/avr8-gnu-toolchain/bin/../lib/gcc/avr/5.4.0/avr5\libgcc.a(_muluhisi3.o)
                0x00002ff8                __muluhisi3
 .text.libgcc.prologue
                0x0000300c       0x38 c:/program files (x86)/atmel/studio/7.0/toolchain/avr8/avr8-gnu-toolchain/bin/../lib/gcc/avr/5.4.0/avr5\libgcc.a(_prologue.o)
                0x0000300c                __prologue_saves__
 .text.libgcc.prologue
                0x00003044       0x36 c:/program files (x86)/atmel/studio/7.0/toolchain/avr8/avr8-gnu-toolchain/bin/../lib/gcc/avr/5.4.0/avr5\libgcc.a(_epilogue.o)
                0x00003044                __epilogue_restores__
 .text.libgcc.mul
                0x0000307a       0x1e c:/program files (x86)/atmel/studio/7.0/toolchain/avr8/avr8-gnu-toolchain/bin/../lib/gcc/avr/5.4.0/avr5\libgcc.a(_umulhisi3.o)
                0x0000307a                __umulhisi3
                0x00003098                . = ALIGN (0x2)
 *(.fini9)
 .fini9         0x00003098        0x0 c:/program files (x86)/atmel/studio/7.0/toolchain/avr8/avr8-gnu-toolchain/bin/../lib/gcc/avr/5.4.0/avr5\libgcc.a(_exit.o)
                0x00003098                _exit
                0x00003098                exit
 *(.fini9)
 *(.fini8)
 *(.fini8)
 *(.fini7)
 *(.fini7)
 *(.fini6)
 *(.fini6)
 *(.fini5)
 *(.fini5)
 *(.fini4)
 *(.fini4)
 *(.fini3)
 *(.fini3)
 *(.fini2)
 *(.fini2)
 *(.fini1)
 *(.fini1)
 *(.fini0)
 .fini0         0x00003098        0x4 c:/program files (x86)/atmel/studio/7.0/toolchain/avr8/avr8-gnu-toolchain/bin/../lib/gcc/avr/5.4.0/avr5\libgcc.a(_exit.o)
 *(.fini0)
                0x0000309c                _etext = .

.data           0x00800100       0x6e load address 0x0000309c
                0x00800100                PROVIDE (__data_start, .)
 *(.data)
 *(.data*)
 .data.VirtualSerial_CDC_Interface
                0x00800100       0x1b main.o
                0x00800100                VirtualSerial_CDC_Interface
 *(.gnu.linkonce.d*)
 *(.rodata)
 *(.rodata*)
 .rodata.str1.1
                0x0080011b       0x3c Communication.o
 .rodata.str1.1
                0x00800157        0xc functions.o
                                  0xd (size before relaxing)
 .rodata.str1.1
                0x00800163        0xa StepperA.o
 *(.gnu.linkonce.r*)
                0x0080016e                . = ALIGN (0x2)
 *fill*         0x0080016d        0x1 
                0x0080016e                _edata = .
                0x0080016e                PROVIDE (__data_end, .)

.bss            0x0080016e       0xde
                0x0080016e                PROVIDE (__bss_start, .)
 *(.bss)
 *(.bss*)
 .bss.RxBufferData
                0x0080016e       0x80 main.o
 .bss.RxBuffer  0x008001ee        0xc main.o
 *(COMMON)
 COMMON         0x008001fa       0x43 Communication.o
                0x008001fa                stepper_a_setpoint
                0x008001fe                testCounter
                0x00800200                stepper_a_moving
                0x00800201                stepper_a_hasPreviouslyMoved
                0x00800202                stepper_a_referencing
                0x00800203                commandBuffer
                0x00800210                commandState
                0x00800211                stepper_a_hasPreviouslyHomed
                0x00800212                stepper_a_prescalerState
                0x00800213                pCommandBuffer
                0x00800215                stepper_a_settings
                0x00800231                stepper_a_position
                0x00800235                driveState
                0x00800236                stepper_a_speed_factor
                0x0080023a                stepper_a_prescalerFactor
                0x0080023c                stepper_a_direction
 COMMON         0x0080023d        0x3 src/LUFA/LUFA/Drivers/USB/Core/DeviceStandardReq.o
                0x0080023d                USB_Device_ConfigurationNumber
                0x0080023e                USB_Device_CurrentlySelfPowered
                0x0080023f                USB_Device_RemoteWakeupEnabled
 COMMON         0x00800240        0xa src/LUFA/LUFA/Drivers/USB/Core/USBTask.o
                0x00800240                USB_IsInitialized
                0x00800241                USB_DeviceState
                0x00800242                USB_ControlRequest
 COMMON         0x0080024a        0x2 c:/program files (x86)/atmel/studio/7.0/toolchain/avr8/avr8-gnu-toolchain/bin/../lib/gcc/avr/5.4.0/../../../../avr/lib/avr5\libc.a(errno.o)
                0x0080024a                errno
                0x0080024c                PROVIDE (__bss_end, .)
                0x0000309c                __data_load_start = LOADADDR (.data)
                0x0000310a                __data_load_end = (__data_load_start + SIZEOF (.data))

.noinit         0x0080024c        0x0
                [!provide]                PROVIDE (__noinit_start, .)
 *(.noinit*)
                [!provide]                PROVIDE (__noinit_end, .)
                0x0080024c                _end = .
                [!provide]                PROVIDE (__heap_start, .)

.eeprom         0x00810000        0x0
 *(.eeprom*)
                0x00810000                __eeprom_end = .

.fuse
 *(.fuse)
 *(.lfuse)
 *(.hfuse)
 *(.efuse)

.lock
 *(.lock*)

.signature
 *(.signature*)

.user_signatures
 *(.user_signatures*)

.stab
 *(.stab)

.stabstr
 *(.stabstr)

.stab.excl
 *(.stab.excl)

.stab.exclstr
 *(.stab.exclstr)

.stab.index
 *(.stab.index)

.stab.indexstr
 *(.stab.indexstr)

.comment        0x00000000       0x5c
 *(.comment)
 .comment       0x00000000       0x30 Communication.o
                                 0x31 (size before relaxing)
 .comment       0x00000030       0x31 Descriptors.o
 .comment       0x00000030       0x31 functions.o
 .comment       0x00000030       0x31 Stepper.o
 .comment       0x00000030       0x31 StepperA.o
 .comment       0x00000030       0x31 src/LUFA/LUFA/Drivers/USB/Class/Device/CDCClassDevice.o
 .comment       0x00000030       0x31 src/LUFA/LUFA/Drivers/USB/Core/AVR8/EndpointStream_AVR8.o
 .comment       0x00000030       0x31 src/LUFA/LUFA/Drivers/USB/Core/AVR8/Endpoint_AVR8.o
 .comment       0x00000030       0x31 src/LUFA/LUFA/Drivers/USB/Core/AVR8/USBController_AVR8.o
 .comment       0x00000030       0x31 src/LUFA/LUFA/Drivers/USB/Core/AVR8/USBInterrupt_AVR8.o
 .comment       0x00000030       0x31 src/LUFA/LUFA/Drivers/USB/Core/DeviceStandardReq.o
 .comment       0x00000030       0x31 src/LUFA/LUFA/Drivers/USB/Core/Events.o
 .comment       0x00000030       0x31 src/LUFA/LUFA/Drivers/USB/Core/USBTask.o
 .comment       0x00000030       0x31 main.o
 .comment       0x00000030       0x31 c:/program files (x86)/atmel/studio/7.0/toolchain/avr8/avr8-gnu-toolchain/bin/../lib/gcc/avr/5.4.0/../../../../avr/lib/avr5\libc.a(sprintf.o)
 .comment       0x00000030       0x2c c:/program files (x86)/atmel/studio/7.0/toolchain/avr8/avr8-gnu-toolchain/bin/../lib/gcc/avr/5.4.0/../../../../avr/lib/avr5\libc.a(vfprintf_std.o)
                                 0x2d (size before relaxing)
 .comment       0x0000005c       0x31 c:/program files (x86)/atmel/studio/7.0/toolchain/avr8/avr8-gnu-toolchain/bin/../lib/gcc/avr/5.4.0/../../../../avr/lib/avr5\libc.a(strtod.o)
 .comment       0x0000005c       0x31 c:/program files (x86)/atmel/studio/7.0/toolchain/avr8/avr8-gnu-toolchain/bin/../lib/gcc/avr/5.4.0/../../../../avr/lib/avr5\libc.a(fputc.o)
 .comment       0x0000005c       0x2d c:/program files (x86)/atmel/studio/7.0/toolchain/avr8/avr8-gnu-toolchain/bin/../lib/gcc/avr/5.4.0/../../../../avr/lib/avr5\libc.a(errno.o)

.note.gnu.avr.deviceinfo
                0x00000000       0x40
 .note.gnu.avr.deviceinfo
                0x00000000       0x40 C:/Program Files (x86)/Atmel/Studio/7.0/Packs/atmel/ATmega_DFP/1.6.364/gcc/dev/atmega32u4/avr5/crtatmega32u4.o

.note.gnu.build-id
 *(.note.gnu.build-id)

.debug
 *(.debug)

.line
 *(.line)

.debug_srcinfo
 *(.debug_srcinfo)

.debug_sfnames
 *(.debug_sfnames)

.debug_aranges  0x00000000      0x450
 *(.debug_aranges)
 .debug_aranges
                0x00000000       0x30 Communication.o
 .debug_aranges
                0x00000030       0x20 Descriptors.o
 .debug_aranges
                0x00000050       0x20 functions.o
 .debug_aranges
                0x00000070       0x30 Stepper.o
 .debug_aranges
                0x000000a0       0x78 StepperA.o
 .debug_aranges
                0x00000118       0xb0 src/LUFA/LUFA/Drivers/USB/Class/Device/CDCClassDevice.o
 .debug_aranges
                0x000001c8       0xc8 src/LUFA/LUFA/Drivers/USB/Core/AVR8/EndpointStream_AVR8.o
 .debug_aranges
                0x00000290       0x40 src/LUFA/LUFA/Drivers/USB/Core/AVR8/Endpoint_AVR8.o
 .debug_aranges
                0x000002d0       0x30 src/LUFA/LUFA/Drivers/USB/Core/AVR8/USBController_AVR8.o
 .debug_aranges
                0x00000300       0x38 src/LUFA/LUFA/Drivers/USB/Core/AVR8/USBInterrupt_AVR8.o
 .debug_aranges
                0x00000338       0x20 src/LUFA/LUFA/Drivers/USB/Core/DeviceStandardReq.o
 .debug_aranges
                0x00000358       0x30 src/LUFA/LUFA/Drivers/USB/Core/Events.o
 .debug_aranges
                0x00000388       0x20 src/LUFA/LUFA/Drivers/USB/Core/USBTask.o
 .debug_aranges
                0x000003a8       0x48 main.o
 .debug_aranges
                0x000003f0       0x20 C:/Program Files (x86)/Atmel/Studio/7.0/Packs/atmel/ATmega_DFP/1.6.364/gcc/dev/atmega32u4/avr5\libatmega32u4.a(eerd_block.o)
 .debug_aranges
                0x00000410       0x20 C:/Program Files (x86)/Atmel/Studio/7.0/Packs/atmel/ATmega_DFP/1.6.364/gcc/dev/atmega32u4/avr5\libatmega32u4.a(eeupd_block.o)
 .debug_aranges
                0x00000430       0x20 C:/Program Files (x86)/Atmel/Studio/7.0/Packs/atmel/ATmega_DFP/1.6.364/gcc/dev/atmega32u4/avr5\libatmega32u4.a(eeupd_byte.o)

.debug_pubnames
 *(.debug_pubnames)

.debug_info     0x00000000     0x8068
 *(.debug_info .gnu.linkonce.wi.*)
 .debug_info    0x00000000      0x9f4 C:/Program Files (x86)/Atmel/Studio/7.0/Packs/atmel/ATmega_DFP/1.6.364/gcc/dev/atmega32u4/avr5/crtatmega32u4.o
 .debug_info    0x000009f4      0xde1 Communication.o
 .debug_info    0x000017d5      0x7bb Descriptors.o
 .debug_info    0x00001f90      0x34f functions.o
 .debug_info    0x000022df      0x317 Stepper.o
 .debug_info    0x000025f6      0x6e0 StepperA.o
 .debug_info    0x00002cd6     0x104e src/LUFA/LUFA/Drivers/USB/Class/Device/CDCClassDevice.o
 .debug_info    0x00003d24     0x17b5 src/LUFA/LUFA/Drivers/USB/Core/AVR8/EndpointStream_AVR8.o
 .debug_info    0x000054d9      0x61c src/LUFA/LUFA/Drivers/USB/Core/AVR8/Endpoint_AVR8.o
 .debug_info    0x00005af5      0x4ea src/LUFA/LUFA/Drivers/USB/Core/AVR8/USBController_AVR8.o
 .debug_info    0x00005fdf      0x7eb src/LUFA/LUFA/Drivers/USB/Core/AVR8/USBInterrupt_AVR8.o
 .debug_info    0x000067ca      0xa76 src/LUFA/LUFA/Drivers/USB/Core/DeviceStandardReq.o
 .debug_info    0x00007240       0xe2 src/LUFA/LUFA/Drivers/USB/Core/Events.o
 .debug_info    0x00007322      0x276 src/LUFA/LUFA/Drivers/USB/Core/USBTask.o
 .debug_info    0x00007598      0x8fe main.o
 .debug_info    0x00007e96       0x9b C:/Program Files (x86)/Atmel/Studio/7.0/Packs/atmel/ATmega_DFP/1.6.364/gcc/dev/atmega32u4/avr5\libatmega32u4.a(eerd_block.o)
 .debug_info    0x00007f31       0x9c C:/Program Files (x86)/Atmel/Studio/7.0/Packs/atmel/ATmega_DFP/1.6.364/gcc/dev/atmega32u4/avr5\libatmega32u4.a(eeupd_block.o)
 .debug_info    0x00007fcd       0x9b C:/Program Files (x86)/Atmel/Studio/7.0/Packs/atmel/ATmega_DFP/1.6.364/gcc/dev/atmega32u4/avr5\libatmega32u4.a(eeupd_byte.o)

.debug_abbrev   0x00000000     0x24ee
 *(.debug_abbrev)
 .debug_abbrev  0x00000000      0x96a C:/Program Files (x86)/Atmel/Studio/7.0/Packs/atmel/ATmega_DFP/1.6.364/gcc/dev/atmega32u4/avr5/crtatmega32u4.o
 .debug_abbrev  0x0000096a      0x2da Communication.o
 .debug_abbrev  0x00000c44      0x153 Descriptors.o
 .debug_abbrev  0x00000d97       0xf1 functions.o
 .debug_abbrev  0x00000e88      0x11d Stepper.o
 .debug_abbrev  0x00000fa5      0x1f2 StepperA.o
 .debug_abbrev  0x00001197      0x3ff src/LUFA/LUFA/Drivers/USB/Class/Device/CDCClassDevice.o
 .debug_abbrev  0x00001596      0x1ed src/LUFA/LUFA/Drivers/USB/Core/AVR8/EndpointStream_AVR8.o
 .debug_abbrev  0x00001783      0x236 src/LUFA/LUFA/Drivers/USB/Core/AVR8/Endpoint_AVR8.o
 .debug_abbrev  0x000019b9      0x186 src/LUFA/LUFA/Drivers/USB/Core/AVR8/USBController_AVR8.o
 .debug_abbrev  0x00001b3f      0x216 src/LUFA/LUFA/Drivers/USB/Core/AVR8/USBInterrupt_AVR8.o
 .debug_abbrev  0x00001d55      0x2b0 src/LUFA/LUFA/Drivers/USB/Core/DeviceStandardReq.o
 .debug_abbrev  0x00002005       0x9c src/LUFA/LUFA/Drivers/USB/Core/Events.o
 .debug_abbrev  0x000020a1      0x16e src/LUFA/LUFA/Drivers/USB/Core/USBTask.o
 .debug_abbrev  0x0000220f      0x2a3 main.o
 .debug_abbrev  0x000024b2       0x14 C:/Program Files (x86)/Atmel/Studio/7.0/Packs/atmel/ATmega_DFP/1.6.364/gcc/dev/atmega32u4/avr5\libatmega32u4.a(eerd_block.o)
 .debug_abbrev  0x000024c6       0x14 C:/Program Files (x86)/Atmel/Studio/7.0/Packs/atmel/ATmega_DFP/1.6.364/gcc/dev/atmega32u4/avr5\libatmega32u4.a(eeupd_block.o)
 .debug_abbrev  0x000024da       0x14 C:/Program Files (x86)/Atmel/Studio/7.0/Packs/atmel/ATmega_DFP/1.6.364/gcc/dev/atmega32u4/avr5\libatmega32u4.a(eeupd_byte.o)

.debug_line     0x00000000     0xcac9
 *(.debug_line .debug_line.* .debug_line_end)
 .debug_line    0x00000000      0x19a C:/Program Files (x86)/Atmel/Studio/7.0/Packs/atmel/ATmega_DFP/1.6.364/gcc/dev/atmega32u4/avr5/crtatmega32u4.o
 .debug_line    0x0000019a     0x1433 Communication.o
 .debug_line    0x000015cd      0xcff Descriptors.o
 .debug_line    0x000022cc      0xd73 functions.o
 .debug_line    0x0000303f      0xd67 Stepper.o
 .debug_line    0x00003da6     0x11ae StepperA.o
 .debug_line    0x00004f54     0x1491 src/LUFA/LUFA/Drivers/USB/Class/Device/CDCClassDevice.o
 .debug_line    0x000063e5     0x1e7c src/LUFA/LUFA/Drivers/USB/Core/AVR8/EndpointStream_AVR8.o
 .debug_line    0x00008261      0xc5e src/LUFA/LUFA/Drivers/USB/Core/AVR8/Endpoint_AVR8.o
 .debug_line    0x00008ebf      0x8d2 src/LUFA/LUFA/Drivers/USB/Core/AVR8/USBController_AVR8.o
 .debug_line    0x00009791      0xb74 src/LUFA/LUFA/Drivers/USB/Core/AVR8/USBInterrupt_AVR8.o
 .debug_line    0x0000a305      0xaa1 src/LUFA/LUFA/Drivers/USB/Core/DeviceStandardReq.o
 .debug_line    0x0000ada6      0x49a src/LUFA/LUFA/Drivers/USB/Core/Events.o
 .debug_line    0x0000b240      0x7fa src/LUFA/LUFA/Drivers/USB/Core/USBTask.o
 .debug_line    0x0000ba3a      0xe89 main.o
 .debug_line    0x0000c8c3       0xab C:/Program Files (x86)/Atmel/Studio/7.0/Packs/atmel/ATmega_DFP/1.6.364/gcc/dev/atmega32u4/avr5\libatmega32u4.a(eerd_block.o)
 .debug_line    0x0000c96e       0xa5 C:/Program Files (x86)/Atmel/Studio/7.0/Packs/atmel/ATmega_DFP/1.6.364/gcc/dev/atmega32u4/avr5\libatmega32u4.a(eeupd_block.o)
 .debug_line    0x0000ca13       0xb6 C:/Program Files (x86)/Atmel/Studio/7.0/Packs/atmel/ATmega_DFP/1.6.364/gcc/dev/atmega32u4/avr5\libatmega32u4.a(eeupd_byte.o)

.debug_frame    0x00000000      0xdd0
 *(.debug_frame)
 .debug_frame   0x00000000       0x6c Communication.o
 .debug_frame   0x0000006c       0x24 Descriptors.o
 .debug_frame   0x00000090       0x84 functions.o
 .debug_frame   0x00000114       0x44 Stepper.o
 .debug_frame   0x00000158      0x168 StepperA.o
 .debug_frame   0x000002c0      0x1a0 src/LUFA/LUFA/Drivers/USB/Class/Device/CDCClassDevice.o
 .debug_frame   0x00000460      0x618 src/LUFA/LUFA/Drivers/USB/Core/AVR8/EndpointStream_AVR8.o
 .debug_frame   0x00000a78       0xdc src/LUFA/LUFA/Drivers/USB/Core/AVR8/Endpoint_AVR8.o
 .debug_frame   0x00000b54       0x58 src/LUFA/LUFA/Drivers/USB/Core/AVR8/USBController_AVR8.o
 .debug_frame   0x00000bac      0x100 src/LUFA/LUFA/Drivers/USB/Core/AVR8/USBInterrupt_AVR8.o
 .debug_frame   0x00000cac       0x40 src/LUFA/LUFA/Drivers/USB/Core/DeviceStandardReq.o
 .debug_frame   0x00000cec       0x44 src/LUFA/LUFA/Drivers/USB/Core/Events.o
 .debug_frame   0x00000d30       0x2c src/LUFA/LUFA/Drivers/USB/Core/USBTask.o
 .debug_frame   0x00000d5c       0x74 main.o

.debug_str      0x00000000    0x186ee
 *(.debug_str)
 .debug_str     0x00000000      0x371 C:/Program Files (x86)/Atmel/Studio/7.0/Packs/atmel/ATmega_DFP/1.6.364/gcc/dev/atmega32u4/avr5/crtatmega32u4.o
 .debug_str     0x00000371    0x15c59 Communication.o
                              0x15f23 (size before relaxing)
 .debug_str     0x00015fca      0x9d1 Descriptors.o
                              0x15836 (size before relaxing)
 .debug_str     0x0001699b       0x46 functions.o
                              0x15bc0 (size before relaxing)
 .debug_str     0x000169e1       0x1e Stepper.o
                              0x15bb4 (size before relaxing)
 .debug_str     0x000169ff       0x82 StepperA.o
                              0x15db4 (size before relaxing)
 .debug_str     0x00016a81      0x74d src/LUFA/LUFA/Drivers/USB/Class/Device/CDCClassDevice.o
                              0x156e8 (size before relaxing)
 .debug_str     0x000171ce      0x8ac src/LUFA/LUFA/Drivers/USB/Core/AVR8/EndpointStream_AVR8.o
                               0xf6d5 (size before relaxing)
 .debug_str     0x00017a7a      0x1c6 src/LUFA/LUFA/Drivers/USB/Core/AVR8/Endpoint_AVR8.o
                               0xed84 (size before relaxing)
 .debug_str     0x00017c40      0x2ad src/LUFA/LUFA/Drivers/USB/Core/AVR8/USBController_AVR8.o
                               0xece4 (size before relaxing)
 .debug_str     0x00017eed      0x1e1 src/LUFA/LUFA/Drivers/USB/Core/AVR8/USBInterrupt_AVR8.o
                               0xed42 (size before relaxing)
 .debug_str     0x000180ce      0x405 src/LUFA/LUFA/Drivers/USB/Core/DeviceStandardReq.o
                               0xf132 (size before relaxing)
 .debug_str     0x000184d3       0x75 src/LUFA/LUFA/Drivers/USB/Core/Events.o
                               0xdf4e (size before relaxing)
 .debug_str     0x00018548       0x62 src/LUFA/LUFA/Drivers/USB/Core/USBTask.o
                               0xeb03 (size before relaxing)
 .debug_str     0x000185aa      0x144 main.o
                              0x15ffa (size before relaxing)

.debug_loc      0x00000000     0x4d04
 *(.debug_loc)
 .debug_loc     0x00000000      0x279 Communication.o
 .debug_loc     0x00000279      0x226 Descriptors.o
 .debug_loc     0x0000049f      0x255 functions.o
 .debug_loc     0x000006f4      0x3ad StepperA.o
 .debug_loc     0x00000aa1      0xa50 src/LUFA/LUFA/Drivers/USB/Class/Device/CDCClassDevice.o
 .debug_loc     0x000014f1     0x298f src/LUFA/LUFA/Drivers/USB/Core/AVR8/EndpointStream_AVR8.o
 .debug_loc     0x00003e80      0x593 src/LUFA/LUFA/Drivers/USB/Core/AVR8/Endpoint_AVR8.o
 .debug_loc     0x00004413       0xd5 src/LUFA/LUFA/Drivers/USB/Core/AVR8/USBController_AVR8.o
 .debug_loc     0x000044e8      0x428 src/LUFA/LUFA/Drivers/USB/Core/AVR8/USBInterrupt_AVR8.o
 .debug_loc     0x00004910      0x356 src/LUFA/LUFA/Drivers/USB/Core/DeviceStandardReq.o
 .debug_loc     0x00004c66       0x49 src/LUFA/LUFA/Drivers/USB/Core/USBTask.o
 .debug_loc     0x00004caf       0x55 main.o

.debug_macinfo
 *(.debug_macinfo)

.debug_weaknames
 *(.debug_weaknames)

.debug_funcnames
 *(.debug_funcnames)

.debug_typenames
 *(.debug_typenames)

.debug_varnames
 *(.debug_varnames)

.debug_pubtypes
 *(.debug_pubtypes)

.debug_ranges   0x00000000      0xd60
 *(.debug_ranges)
 .debug_ranges  0x00000000       0x58 Communication.o
 .debug_ranges  0x00000058       0x10 Descriptors.o
 .debug_ranges  0x00000068       0x10 functions.o
 .debug_ranges  0x00000078       0x20 Stepper.o
 .debug_ranges  0x00000098       0x68 StepperA.o
 .debug_ranges  0x00000100       0xa0 src/LUFA/LUFA/Drivers/USB/Class/Device/CDCClassDevice.o
 .debug_ranges  0x000001a0      0x928 src/LUFA/LUFA/Drivers/USB/Core/AVR8/EndpointStream_AVR8.o
 .debug_ranges  0x00000ac8      0x190 src/LUFA/LUFA/Drivers/USB/Core/AVR8/Endpoint_AVR8.o
 .debug_ranges  0x00000c58       0x20 src/LUFA/LUFA/Drivers/USB/Core/AVR8/USBController_AVR8.o
 .debug_ranges  0x00000c78       0x28 src/LUFA/LUFA/Drivers/USB/Core/AVR8/USBInterrupt_AVR8.o
 .debug_ranges  0x00000ca0       0x58 src/LUFA/LUFA/Drivers/USB/Core/DeviceStandardReq.o
 .debug_ranges  0x00000cf8       0x20 src/LUFA/LUFA/Drivers/USB/Core/Events.o
 .debug_ranges  0x00000d18       0x10 src/LUFA/LUFA/Drivers/USB/Core/USBTask.o
 .debug_ranges  0x00000d28       0x38 main.o

.debug_macro    0x00000000     0x88c7
 *(.debug_macro)
 .debug_macro   0x00000000      0x4ae Communication.o
 .debug_macro   0x000004ae      0xa6c Communication.o
 .debug_macro   0x00000f1a       0x10 Communication.o
 .debug_macro   0x00000f2a      0x1c9 Communication.o
 .debug_macro   0x000010f3      0x2fc Communication.o
 .debug_macro   0x000013ef       0x89 Communication.o
 .debug_macro   0x00001478       0xaa Communication.o
 .debug_macro   0x00001522     0x208c Communication.o
 .debug_macro   0x000035ae      0x14f Communication.o
 .debug_macro   0x000036fd       0xd9 Communication.o
 .debug_macro   0x000037d6       0x34 Communication.o
 .debug_macro   0x0000380a       0x18 Communication.o
 .debug_macro   0x00003822       0x6c Communication.o
 .debug_macro   0x0000388e      0x181 Communication.o
 .debug_macro   0x00003a0f       0x12 Communication.o
 .debug_macro   0x00003a21       0x10 Communication.o
 .debug_macro   0x00003a31       0x22 Communication.o
 .debug_macro   0x00003a53       0x16 Communication.o
 .debug_macro   0x00003a69       0x20 Communication.o
 .debug_macro   0x00003a89       0xf6 Communication.o
 .debug_macro   0x00003b7f       0x22 Communication.o
 .debug_macro   0x00003ba1      0x1a7 Communication.o
 .debug_macro   0x00003d48       0x2f Communication.o
 .debug_macro   0x00003d77       0x1c Communication.o
 .debug_macro   0x00003d93       0x68 Communication.o
 .debug_macro   0x00003dfb       0x2e Communication.o
 .debug_macro   0x00003e29       0x69 Communication.o
 .debug_macro   0x00003e92       0x33 Communication.o
 .debug_macro   0x00003ec5      0x10c Communication.o
 .debug_macro   0x00003fd1      0x160 Communication.o
 .debug_macro   0x00004131      0x160 Communication.o
 .debug_macro   0x00004291       0x10 Communication.o
 .debug_macro   0x000042a1       0x1c Communication.o
 .debug_macro   0x000042bd       0x86 Communication.o
 .debug_macro   0x00004343       0x3c Communication.o
 .debug_macro   0x0000437f       0x19 Communication.o
 .debug_macro   0x00004398       0x4d Communication.o
 .debug_macro   0x000043e5       0x73 Communication.o
 .debug_macro   0x00004458       0x16 Communication.o
 .debug_macro   0x0000446e       0x12 Communication.o
 .debug_macro   0x00004480       0x23 Communication.o
 .debug_macro   0x000044a3       0x64 Communication.o
 .debug_macro   0x00004507       0x41 Communication.o
 .debug_macro   0x00004548       0x10 Communication.o
 .debug_macro   0x00004558       0x1c Communication.o
 .debug_macro   0x00004574       0x16 Communication.o
 .debug_macro   0x0000458a       0x16 Communication.o
 .debug_macro   0x000045a0      0x12c Communication.o
 .debug_macro   0x000046cc       0x16 Communication.o
 .debug_macro   0x000046e2       0xa0 Communication.o
 .debug_macro   0x00004782       0x16 Communication.o
 .debug_macro   0x00004798       0x40 Communication.o
 .debug_macro   0x000047d8       0x58 Communication.o
 .debug_macro   0x00004830       0x10 Communication.o
 .debug_macro   0x00004840       0x35 Communication.o
 .debug_macro   0x00004875       0xf2 Communication.o
 .debug_macro   0x00004967       0x16 Communication.o
 .debug_macro   0x0000497d      0x154 Communication.o
 .debug_macro   0x00004ad1       0x2a Communication.o
 .debug_macro   0x00004afb      0x6d5 Communication.o
 .debug_macro   0x000051d0       0x16 Communication.o
 .debug_macro   0x000051e6      0x132 Communication.o
 .debug_macro   0x00005318       0x16 Communication.o
 .debug_macro   0x0000532e       0x10 Communication.o
 .debug_macro   0x0000533e       0x6c Communication.o
 .debug_macro   0x000053aa       0x16 Communication.o
 .debug_macro   0x000053c0       0x1c Communication.o
 .debug_macro   0x000053dc       0x16 Communication.o
 .debug_macro   0x000053f2       0x10 Communication.o
 .debug_macro   0x00005402      0x1be Communication.o
 .debug_macro   0x000055c0       0x16 Communication.o
 .debug_macro   0x000055d6       0x22 Communication.o
 .debug_macro   0x000055f8       0x10 Communication.o
 .debug_macro   0x00005608       0x7c Communication.o
 .debug_macro   0x00005684       0x68 Communication.o
 .debug_macro   0x000056ec       0xb9 Communication.o
 .debug_macro   0x000057a5       0x1c Communication.o
 .debug_macro   0x000057c1       0x5a Communication.o
 .debug_macro   0x0000581b       0x34 Communication.o
 .debug_macro   0x0000584f      0x456 Descriptors.o
 .debug_macro   0x00005ca5      0x4ae functions.o
 .debug_macro   0x00006153      0x4ae Stepper.o
 .debug_macro   0x00006601      0x4ae StepperA.o
 .debug_macro   0x00006aaf      0x45f src/LUFA/LUFA/Drivers/USB/Class/Device/CDCClassDevice.o
 .debug_macro   0x00006f0e      0x605 src/LUFA/LUFA/Drivers/USB/Core/AVR8/EndpointStream_AVR8.o
 .debug_macro   0x00007513       0x28 src/LUFA/LUFA/Drivers/USB/Core/AVR8/EndpointStream_AVR8.o
 .debug_macro   0x0000753b       0x1c src/LUFA/LUFA/Drivers/USB/Core/AVR8/EndpointStream_AVR8.o
 .debug_macro   0x00007557       0x1c src/LUFA/LUFA/Drivers/USB/Core/AVR8/EndpointStream_AVR8.o
 .debug_macro   0x00007573      0x2a5 src/LUFA/LUFA/Drivers/USB/Core/AVR8/Endpoint_AVR8.o
 .debug_macro   0x00007818       0x10 src/LUFA/LUFA/Drivers/USB/Core/AVR8/Endpoint_AVR8.o
 .debug_macro   0x00007828      0x277 src/LUFA/LUFA/Drivers/USB/Core/AVR8/USBController_AVR8.o
 .debug_macro   0x00007a9f       0x79 src/LUFA/LUFA/Drivers/USB/Core/AVR8/USBController_AVR8.o
 .debug_macro   0x00007b18      0x27f src/LUFA/LUFA/Drivers/USB/Core/AVR8/USBInterrupt_AVR8.o
 .debug_macro   0x00007d97      0x27d src/LUFA/LUFA/Drivers/USB/Core/DeviceStandardReq.o
 .debug_macro   0x00008014      0x182 src/LUFA/LUFA/Drivers/USB/Core/Events.o
 .debug_macro   0x00008196      0x283 src/LUFA/LUFA/Drivers/USB/Core/USBTask.o
 .debug_macro   0x00008419      0x4ae main.o
OUTPUT(DualStepperController.elf elf32-avr)
LOAD linker stubs
