Archive member included to satisfy reference by file (symbol)

c:/program files (x86)/atmel/studio/7.0/toolchain/avr8/avr8-gnu-toolchain/bin/../lib/gcc/avr/5.4.0/../../../../avr/lib/avr5\libm.a(addsf3.o)
                              functions.o (__subsf3)
c:/program files (x86)/atmel/studio/7.0/toolchain/avr8/avr8-gnu-toolchain/bin/../lib/gcc/avr/5.4.0/../../../../avr/lib/avr5\libm.a(addsf3x.o)
                              c:/program files (x86)/atmel/studio/7.0/toolchain/avr8/avr8-gnu-toolchain/bin/../lib/gcc/avr/5.4.0/../../../../avr/lib/avr5\libm.a(addsf3.o) (__addsf3x)
c:/program files (x86)/atmel/studio/7.0/toolchain/avr8/avr8-gnu-toolchain/bin/../lib/gcc/avr/5.4.0/../../../../avr/lib/avr5\libm.a(cmpsf2.o)
                              functions.o (__ltsf2)
c:/program files (x86)/atmel/studio/7.0/toolchain/avr8/avr8-gnu-toolchain/bin/../lib/gcc/avr/5.4.0/../../../../avr/lib/avr5\libm.a(divsf3.o)
                              StepperA.o (__divsf3)
c:/program files (x86)/atmel/studio/7.0/toolchain/avr8/avr8-gnu-toolchain/bin/../lib/gcc/avr/5.4.0/../../../../avr/lib/avr5\libm.a(divsf3x.o)
                              c:/program files (x86)/atmel/studio/7.0/toolchain/avr8/avr8-gnu-toolchain/bin/../lib/gcc/avr/5.4.0/../../../../avr/lib/avr5\libm.a(divsf3.o) (__divsf3x)
c:/program files (x86)/atmel/studio/7.0/toolchain/avr8/avr8-gnu-toolchain/bin/../lib/gcc/avr/5.4.0/../../../../avr/lib/avr5\libm.a(fixsfsi.o)
                              functions.o (__fixsfsi)
c:/program files (x86)/atmel/studio/7.0/toolchain/avr8/avr8-gnu-toolchain/bin/../lib/gcc/avr/5.4.0/../../../../avr/lib/avr5\libm.a(fixunssfsi.o)
                              StepperA.o (__fixunssfsi)
c:/program files (x86)/atmel/studio/7.0/toolchain/avr8/avr8-gnu-toolchain/bin/../lib/gcc/avr/5.4.0/../../../../avr/lib/avr5\libm.a(floatsisf.o)
                              StepperA.o (__floatunsisf)
c:/program files (x86)/atmel/studio/7.0/toolchain/avr8/avr8-gnu-toolchain/bin/../lib/gcc/avr/5.4.0/../../../../avr/lib/avr5\libm.a(fp_cmp.o)
                              c:/program files (x86)/atmel/studio/7.0/toolchain/avr8/avr8-gnu-toolchain/bin/../lib/gcc/avr/5.4.0/../../../../avr/lib/avr5\libm.a(cmpsf2.o) (__fp_cmp)
c:/program files (x86)/atmel/studio/7.0/toolchain/avr8/avr8-gnu-toolchain/bin/../lib/gcc/avr/5.4.0/../../../../avr/lib/avr5\libm.a(fp_inf.o)
                              c:/program files (x86)/atmel/studio/7.0/toolchain/avr8/avr8-gnu-toolchain/bin/../lib/gcc/avr/5.4.0/../../../../avr/lib/avr5\libm.a(addsf3x.o) (__fp_inf)
c:/program files (x86)/atmel/studio/7.0/toolchain/avr8/avr8-gnu-toolchain/bin/../lib/gcc/avr/5.4.0/../../../../avr/lib/avr5\libm.a(fp_nan.o)
                              c:/program files (x86)/atmel/studio/7.0/toolchain/avr8/avr8-gnu-toolchain/bin/../lib/gcc/avr/5.4.0/../../../../avr/lib/avr5\libm.a(addsf3x.o) (__fp_nan)
c:/program files (x86)/atmel/studio/7.0/toolchain/avr8/avr8-gnu-toolchain/bin/../lib/gcc/avr/5.4.0/../../../../avr/lib/avr5\libm.a(fp_pscA.o)
                              c:/program files (x86)/atmel/studio/7.0/toolchain/avr8/avr8-gnu-toolchain/bin/../lib/gcc/avr/5.4.0/../../../../avr/lib/avr5\libm.a(addsf3x.o) (__fp_pscA)
c:/program files (x86)/atmel/studio/7.0/toolchain/avr8/avr8-gnu-toolchain/bin/../lib/gcc/avr/5.4.0/../../../../avr/lib/avr5\libm.a(fp_pscB.o)
                              c:/program files (x86)/atmel/studio/7.0/toolchain/avr8/avr8-gnu-toolchain/bin/../lib/gcc/avr/5.4.0/../../../../avr/lib/avr5\libm.a(addsf3x.o) (__fp_pscB)
c:/program files (x86)/atmel/studio/7.0/toolchain/avr8/avr8-gnu-toolchain/bin/../lib/gcc/avr/5.4.0/../../../../avr/lib/avr5\libm.a(fp_round.o)
                              c:/program files (x86)/atmel/studio/7.0/toolchain/avr8/avr8-gnu-toolchain/bin/../lib/gcc/avr/5.4.0/../../../../avr/lib/avr5\libm.a(addsf3.o) (__fp_round)
c:/program files (x86)/atmel/studio/7.0/toolchain/avr8/avr8-gnu-toolchain/bin/../lib/gcc/avr/5.4.0/../../../../avr/lib/avr5\libm.a(fp_split3.o)
                              c:/program files (x86)/atmel/studio/7.0/toolchain/avr8/avr8-gnu-toolchain/bin/../lib/gcc/avr/5.4.0/../../../../avr/lib/avr5\libm.a(addsf3x.o) (__fp_split3)
c:/program files (x86)/atmel/studio/7.0/toolchain/avr8/avr8-gnu-toolchain/bin/../lib/gcc/avr/5.4.0/../../../../avr/lib/avr5\libm.a(fp_zero.o)
                              c:/program files (x86)/atmel/studio/7.0/toolchain/avr8/avr8-gnu-toolchain/bin/../lib/gcc/avr/5.4.0/../../../../avr/lib/avr5\libm.a(addsf3x.o) (__fp_zero)
c:/program files (x86)/atmel/studio/7.0/toolchain/avr8/avr8-gnu-toolchain/bin/../lib/gcc/avr/5.4.0/../../../../avr/lib/avr5\libm.a(gesf2.o)
                              StepperA.o (__gtsf2)
c:/program files (x86)/atmel/studio/7.0/toolchain/avr8/avr8-gnu-toolchain/bin/../lib/gcc/avr/5.4.0/../../../../avr/lib/avr5\libm.a(mulsf3.o)
                              functions.o (__mulsf3)
[...]
Memory Configuration

Name             Origin             Length             Attributes
text             0x00000000         0x00008000         xr
data             0x00800100         0x00000a00         rw !x
eeprom           0x00810000         0x00000400         rw !x
fuse             0x00820000         0x00000003         rw !x
lock             0x00830000         0x00000400         rw !x
signature        0x00840000         0x00000400         rw !x
user_signatures  0x00850000         0x00000400         rw !x
*default*        0x00000000         0xffffffff

Linker script and memory map

Address of section .data set to 0x800100
LOAD C:/Program Files (x86)/Atmel/Studio/7.0/Packs/atmel/ATmega_DFP/1.6.364/gcc/dev/atmega32u4/avr5/crtatmega32u4.o
LOAD Communication.o
LOAD Descriptors.o
LOAD functions.o
LOAD Stepper.o
LOAD StepperA.o
LOAD StepperB.o
LOAD src/LUFA/LUFA/Drivers/Board/Temperature.o
LOAD src/LUFA/LUFA/Drivers/Peripheral/AVR8/Serial_AVR8.o
LOAD src/LUFA/LUFA/Drivers/Peripheral/AVR8/TWI_AVR8.o
LOAD src/LUFA/LUFA/Drivers/Peripheral/XMEGA/Serial_XMEGA.o
LOAD src/LUFA/LUFA/Drivers/Peripheral/XMEGA/TWI_XMEGA.o
LOAD src/LUFA/LUFA/Drivers/USB/Class/Common/HIDParser.o
LOAD src/LUFA/LUFA/Drivers/USB/Class/Device/AudioClassDevice.o
LOAD src/LUFA/LUFA/Drivers/USB/Class/Device/CCIDClassDevice.o
LOAD src/LUFA/LUFA/Drivers/USB/Class/Device/CDCClassDevice.o
LOAD src/LUFA/LUFA/Drivers/USB/Class/Device/HIDClassDevice.o
LOAD src/LUFA/LUFA/Drivers/USB/Class/Device/MassStorageClassDevice.o
LOAD src/LUFA/LUFA/Drivers/USB/Class/Device/MIDIClassDevice.o
LOAD src/LUFA/LUFA/Drivers/USB/Class/Device/PrinterClassDevice.o
LOAD src/LUFA/LUFA/Drivers/USB/Class/Device/RNDISClassDevice.o
LOAD src/LUFA/LUFA/Drivers/USB/Class/Host/AndroidAccessoryClassHost.o
LOAD src/LUFA/LUFA/Drivers/USB/Class/Host/AudioClassHost.o
LOAD src/LUFA/LUFA/Drivers/USB/Class/Host/CDCClassHost.o
LOAD src/LUFA/LUFA/Drivers/USB/Class/Host/HIDClassHost.o
LOAD src/LUFA/LUFA/Drivers/USB/Class/Host/MassStorageClassHost.o
LOAD src/LUFA/LUFA/Drivers/USB/Class/Host/MIDIClassHost.o
LOAD src/LUFA/LUFA/Drivers/USB/Class/Host/PrinterClassHost.o
LOAD src/LUFA/LUFA/Drivers/USB/Class/Host/RNDISClassHost.o
LOAD src/LUFA/LUFA/Drivers/USB/Class/Host/StillImageClassHost.o
LOAD src/LUFA/LUFA/Drivers/USB/Core/AVR8/Device_AVR8.o
LOAD src/LUFA/LUFA/Drivers/USB/Core/AVR8/EndpointStream_AVR8.o
LOAD src/LUFA/LUFA/Drivers/USB/Core/AVR8/Endpoint_AVR8.o
LOAD src/LUFA/LUFA/Drivers/USB/Core/AVR8/Host_AVR8.o
LOAD src/LUFA/LUFA/Drivers/USB/Core/AVR8/PipeStream_AVR8.o
LOAD src/LUFA/LUFA/Drivers/USB/Core/AVR8/Pipe_AVR8.o
LOAD src/LUFA/LUFA/Drivers/USB/Core/AVR8/Template/Template_Endpoint_Control_R.o
LOAD src/LUFA/LUFA/Drivers/USB/Core/AVR8/Template/Template_Endpoint_Control_W.o
LOAD src/LUFA/LUFA/Drivers/USB/Core/AVR8/Template/Template_Endpoint_RW.o
LOAD src/LUFA/LUFA/Drivers/USB/Core/AVR8/Template/Template_Pipe_RW.o
LOAD src/LUFA/LUFA/Drivers/USB/Core/AVR8/USBController_AVR8.o
LOAD src/LUFA/LUFA/Drivers/USB/Core/AVR8/USBInterrupt_AVR8.o
LOAD src/LUFA/LUFA/Drivers/USB/Core/ConfigDescriptors.o
LOAD src/LUFA/LUFA/Drivers/USB/Core/DeviceStandardReq.o
LOAD src/LUFA/LUFA/Drivers/USB/Core/Events.o
LOAD src/LUFA/LUFA/Drivers/USB/Core/HostStandardReq.o
LOAD src/LUFA/LUFA/Drivers/USB/Core/UC3/Device_UC3.o
LOAD src/LUFA/LUFA/Drivers/USB/Core/UC3/EndpointStream_UC3.o
LOAD src/LUFA/LUFA/Drivers/USB/Core/UC3/Endpoint_UC3.o
LOAD src/LUFA/LUFA/Drivers/USB/Core/UC3/Host_UC3.o
LOAD src/LUFA/LUFA/Drivers/USB/Core/UC3/PipeStream_UC3.o
LOAD src/LUFA/LUFA/Drivers/USB/Core/UC3/Pipe_UC3.o
LOAD src/LUFA/LUFA/Drivers/USB/Core/UC3/Template/Template_Endpoint_Control_R.o
LOAD src/LUFA/LUFA/Drivers/USB/Core/UC3/Template/Template_Endpoint_Control_W.o
LOAD src/LUFA/LUFA/Drivers/USB/Core/UC3/Template/Template_Endpoint_RW.o
LOAD src/LUFA/LUFA/Drivers/USB/Core/UC3/Template/Template_Pipe_RW.o
LOAD src/LUFA/LUFA/Drivers/USB/Core/UC3/USBController_UC3.o
LOAD src/LUFA/LUFA/Drivers/USB/Core/UC3/USBInterrupt_UC3.o
LOAD src/LUFA/LUFA/Drivers/USB/Core/USBTask.o
LOAD src/LUFA/LUFA/Drivers/USB/Core/XMEGA/Device_XMEGA.o
LOAD src/LUFA/LUFA/Drivers/USB/Core/XMEGA/EndpointStream_XMEGA.o
LOAD src/LUFA/LUFA/Drivers/USB/Core/XMEGA/Endpoint_XMEGA.o
LOAD src/LUFA/LUFA/Drivers/USB/Core/XMEGA/Host_XMEGA.o
LOAD src/LUFA/LUFA/Drivers/USB/Core/XMEGA/PipeStream_XMEGA.o
LOAD src/LUFA/LUFA/Drivers/USB/Core/XMEGA/Pipe_XMEGA.o
LOAD src/LUFA/LUFA/Drivers/USB/Core/XMEGA/Template/Template_Endpoint_Control_R.o
LOAD src/LUFA/LUFA/Drivers/USB/Core/XMEGA/Template/Template_Endpoint_Control_W.o
LOAD src/LUFA/LUFA/Drivers/USB/Core/XMEGA/Template/Template_Endpoint_RW.o
LOAD src/LUFA/LUFA/Drivers/USB/Core/XMEGA/USBController_XMEGA.o
LOAD src/LUFA/LUFA/Drivers/USB/Core/XMEGA/USBInterrupt_XMEGA.o
LOAD src/LUFA/LUFA/Platform/UC3/Exception.o
LOAD src/LUFA/LUFA/Platform/UC3/InterruptManagement.o
LOAD main.o
START GROUP
LOAD c:/program files (x86)/atmel/studio/7.0/toolchain/avr8/avr8-gnu-toolchain/bin/../lib/gcc/avr/5.4.0/../../../../avr/lib/avr5\libm.a
END GROUP
START GROUP
LOAD c:/program files (x86)/atmel/studio/7.0/toolchain/avr8/avr8-gnu-toolchain/bin/../lib/gcc/avr/5.4.0/avr5\libgcc.a
LOAD c:/program files (x86)/atmel/studio/7.0/toolchain/avr8/avr8-gnu-toolchain/bin/../lib/gcc/avr/5.4.0/../../../../avr/lib/avr5\libm.a
LOAD c:/program files (x86)/atmel/studio/7.0/toolchain/avr8/avr8-gnu-toolchain/bin/../lib/gcc/avr/5.4.0/../../../../avr/lib/avr5\libc.a
LOAD C:/Program Files (x86)/Atmel/Studio/7.0/Packs/atmel/ATmega_DFP/1.6.364/gcc/dev/atmega32u4/avr5\libatmega32u4.a
END GROUP
                0x00000000                __TEXT_REGION_ORIGIN__ = DEFINED (__TEXT_REGION_ORIGIN__)?__TEXT_REGION_ORIGIN__:0x0
                [0x00800100]                __DATA_REGION_ORIGIN__ = DEFINED (__DATA_REGION_ORIGIN__)?__DATA_REGION_ORIGIN__:0x800060
                [0x00008000]                __TEXT_REGION_LENGTH__ = DEFINED (__TEXT_REGION_LENGTH__)?__TEXT_REGION_LENGTH__:0x20000
                [0x00000a00]                __DATA_REGION_LENGTH__ = DEFINED (__DATA_REGION_LENGTH__)?__DATA_REGION_LENGTH__:0xffa0
                [0x00000400]                __EEPROM_REGION_LENGTH__ = DEFINED (__EEPROM_REGION_LENGTH__)?__EEPROM_REGION_LENGTH__:0x10000
                [0x00000003]                __FUSE_REGION_LENGTH__ = DEFINED (__FUSE_REGION_LENGTH__)?__FUSE_REGION_LENGTH__:0x400
                0x00000400                __LOCK_REGION_LENGTH__ = DEFINED (__LOCK_REGION_LENGTH__)?__LOCK_REGION_LENGTH__:0x400
                0x00000400                __SIGNATURE_REGION_LENGTH__ = DEFINED (__SIGNATURE_REGION_LENGTH__)?__SIGNATURE_REGION_LENGTH__:0x400
                0x00000400                __USER_SIGNATURE_REGION_LENGTH__ = DEFINED (__USER_SIGNATURE_REGION_LENGTH__)?__USER_SIGNATURE_REGION_LENGTH__:0x400

.hash
 *(.hash)

.dynsym
 *(.dynsym)

.dynstr
 *(.dynstr)

.gnu.version
 *(.gnu.version)

.gnu.version_d
 *(.gnu.version_d)

.gnu.version_r
 *(.gnu.version_r)

.rel.init
 *(.rel.init)

.rela.init
 *(.rela.init)

.rel.text
 *(.rel.text)
 *(.rel.text.*)
 *(.rel.gnu.linkonce.t*)

.rela.text
 *(.rela.text)
 *(.rela.text.*)
 *(.rela.gnu.linkonce.t*)

.rel.fini
 *(.rel.fini)

.rela.fini
 *(.rela.fini)

.rel.rodata
 *(.rel.rodata)
 *(.rel.rodata.*)
 *(.rel.gnu.linkonce.r*)

.rela.rodata
 *(.rela.rodata)
 *(.rela.rodata.*)
 *(.rela.gnu.linkonce.r*)

.rel.data
 *(.rel.data)
 *(.rel.data.*)
 *(.rel.gnu.linkonce.d*)

.rela.data
 *(.rela.data)
 *(.rela.data.*)
 *(.rela.gnu.linkonce.d*)

.rel.ctors
 *(.rel.ctors)

.rela.ctors
 *(.rela.ctors)

.rel.dtors
 *(.rel.dtors)

.rela.dtors
 *(.rela.dtors)

.rel.got
 *(.rel.got)

.rela.got
 *(.rela.got)

.rel.bss
 *(.rel.bss)

.rela.bss
 *(.rela.bss)

.rel.plt
 *(.rel.plt)

.rela.plt
 *(.rela.plt)

.text           0x00000000     0x33ee
 *(.vectors)
 .vectors       0x00000000       0xac C:/Program Files (x86)/Atmel/Studio/7.0/Packs/atmel/ATmega_DFP/1.6.364/gcc/dev/atmega32u4/avr5/crtatmega32u4.o
                0x00000000                __vector_default
                0x00000000                __vectors
 *(.vectors)
 *(.progmem.gcc*)
                0x000000ac                . = ALIGN (0x2)
                0x000000ac                __trampolines_start = .
 *(.trampolines)
 .trampolines   0x000000ac        0x0 linker stubs
 *(.trampolines*)
                0x000000ac                __trampolines_end = .
 *libprintf_flt.a:*(.progmem.data)
 *libc.a:*(.progmem.data)
 .progmem.data  0x000000ac       0x3b c:/program files (x86)/atmel/studio/7.0/toolchain/avr8/avr8-gnu-toolchain/bin/../lib/gcc/avr/5.4.0/../../../../avr/lib/avr5\libc.a(strtod.o)
 *(.progmem*)
 .progmem.data.ProductString
                0x000000e7       0x2e Descriptors.o
                0x000000e7                ProductString
 .progmem.data.ManufacturerString
                0x00000115       0x1e Descriptors.o
                0x00000115                ManufacturerString
 .progmem.data.LanguageString
                0x00000133        0x4 Descriptors.o
                0x00000133                LanguageString
 .progmem.data.ConfigurationDescriptor
                0x00000137       0x3e Descriptors.o
                0x00000137                ConfigurationDescriptor
 .progmem.data.DeviceDescriptor
                0x00000175       0x12 Descriptors.o
                0x00000175                DeviceDescriptor
                0x00000188                . = ALIGN (0x2)
 *fill*         0x00000187        0x1 
 *(.jumptables)
 *(.jumptables*)
 *(.lowtext)
 *(.lowtext*)
                0x00000188                __ctors_start = .
 *(.ctors)
                0x00000188                __ctors_end = .
                0x00000188                __dtors_start = .
 *(.dtors)
                0x00000188                __dtors_end = .
 SORT(*)(.ctors)
 SORT(*)(.dtors)
 *(.init0)
 .init0         0x00000188        0x0 C:/Program Files (x86)/Atmel/Studio/7.0/Packs/atmel/ATmega_DFP/1.6.364/gcc/dev/atmega32u4/avr5/crtatmega32u4.o
                0x00000188                __init
 *(.init0)
 *(.init1)
 *(.init1)
 *(.init2)
 .init2         0x00000188        0xc C:/Program Files (x86)/Atmel/Studio/7.0/Packs/atmel/ATmega_DFP/1.6.364/gcc/dev/atmega32u4/avr5/crtatmega32u4.o
 *(.init2)
 *(.init3)
 *(.init3)
 *(.init4)
 .init4         0x00000194       0x16 c:/program files (x86)/atmel/studio/7.0/toolchain/avr8/avr8-gnu-toolchain/bin/../lib/gcc/avr/5.4.0/avr5\libgcc.a(_copy_data.o)
                0x00000194                __do_copy_data
 .init4         0x000001aa       0x10 c:/program files (x86)/atmel/studio/7.0/toolchain/avr8/avr8-gnu-toolchain/bin/../lib/gcc/avr/5.4.0/avr5\libgcc.a(_clear_bss.o)
                0x000001aa                __do_clear_bss
 *(.init4)
 *(.init5)
 *(.init5)
 *(.init6)
 *(.init6)
 *(.init7)
 *(.init7)
 *(.init8)
 *(.init8)
 *(.init9)
 .init9         0x000001ba        0x8 C:/Program Files (x86)/Atmel/Studio/7.0/Packs/atmel/ATmega_DFP/1.6.364/gcc/dev/atmega32u4/avr5/crtatmega32u4.o
 *(.init9)
 *(.text)
 .text          0x000001c2        0x2 C:/Program Files (x86)/Atmel/Studio/7.0/Packs/atmel/ATmega_DFP/1.6.364/gcc/dev/atmega32u4/avr5/crtatmega32u4.o
                0x000001c2                __vector_38
                0x000001c2                __vector_22
                0x000001c2                __vector_28
                0x000001c2                __vector_1
                0x000001c2                __vector_34
                0x000001c2                __vector_24
                0x000001c2                __vector_12
                0x000001c2                __bad_interrupt
                0x000001c2                __vector_6
                0x000001c2                __vector_31
                0x000001c2                __vector_35
                0x000001c2                __vector_39
                0x000001c2                __vector_3
                0x000001c2                __vector_23
                0x000001c2                __vector_30
                0x000001c2                __vector_25
                0x000001c2                __vector_13
                0x000001c2                __vector_19
                0x000001c2                __vector_7
                0x000001c2                __vector_41
                0x000001c2                __vector_27
                0x000001c2                __vector_5
                0x000001c2                __vector_33
                0x000001c2                __vector_37
                0x000001c2                __vector_4
                0x000001c2                __vector_9
                0x000001c2                __vector_2
                0x000001c2                __vector_21
                0x000001c2                __vector_15
                0x000001c2                __vector_36
                0x000001c2                __vector_29
                0x000001c2                __vector_40
                0x000001c2                __vector_8
                0x000001c2                __vector_26
                0x000001c2                __vector_14
                0x000001c2                __vector_16
                0x000001c2                __vector_18
                0x000001c2                __vector_20
                0x000001c2                __vector_42
                0x000001c4                . = ALIGN (0x2)
 *(.text.*)
 .text.putCDCtoBuffer
                0x000001c4       0x5e Communication.o
                0x000001c4                putCDCtoBuffer
 .text.checkBufferForCommands
                0x00000222       0xba Communication.o
                0x00000222                checkBufferForCommands
 .text.handleCommands
                0x000002dc      0x7d6 Communication.o
                0x000002dc                handleCommands
 .text.CALLBACK_USB_GetDescriptor
                0x00000ab2       0x60 Descriptors.o
                0x00000ab2                CALLBACK_USB_GetDescriptor
 .text.double2str
                0x00000b12       0xc2 functions.o
                0x00000b12                double2str
 .text.driveHalt
                0x00000bd4        0x4 Stepper.o
                0x00000bd4                driveHalt
 .text.emergencyStop
                0x00000bd8        0xc Stepper.o
                0x00000bd8                emergencyStop
 .text.emergencyStopRelease
                0x00000be4        0xa Stepper.o
                0x00000be4                emergencyStopRelease
 .text.stepper_a_home
                0x00000bee       0x2c StepperA.o
                0x00000bee                stepper_a_home
 .text.stepper_a_zero
                0x00000c1a       0x22 StepperA.o
                0x00000c1a                stepper_a_zero
 .text.stepper_a_halt
                0x00000c3c       0x26 StepperA.o
                0x00000c3c                stepper_a_halt
 .text.stepper_a_setSetPoint
                0x00000c62       0x8e StepperA.o
                0x00000c62                stepper_a_setSetPoint
 .text.stepper_a_getPosition
                0x00000cf0       0x28 StepperA.o
                0x00000cf0                stepper_a_getPosition
 .text.stepper_a_setSpeed
                0x00000d18      0x17c StepperA.o
                0x00000d18                stepper_a_setSpeed
 .text.stepper_a_init
                0x00000e94       0x80 StepperA.o
                0x00000e94                stepper_a_init
 .text.stepper_a_getSpeed
                0x00000f14       0x28 StepperA.o
                0x00000f14                stepper_a_getSpeed
 .text.stepper_a_setPrescaler
                0x00000f3c       0x80 StepperA.o
                0x00000f3c                stepper_a_setPrescaler
 .text.stepper_a_setMotionState
                0x00000fbc       0x62 StepperA.o
                0x00000fbc                stepper_a_setMotionState
 .text.stepper_a_loop
                0x0000101e      0x156 StepperA.o
                0x0000101e                stepper_a_loop
 .text.__vector_17
                0x00001174       0xbe StepperA.o
                0x00001174                __vector_17
 .text.stepper_b_home
                0x00001232       0x32 StepperB.o
                0x00001232                stepper_b_home
 .text.stepper_b_zero
                0x00001264       0x22 StepperB.o
                0x00001264                stepper_b_zero
 .text.stepper_b_halt
                0x00001286       0x26 StepperB.o
                0x00001286                stepper_b_halt
 .text.stepper_b_setSetPoint
                0x000012ac       0x8e StepperB.o
                0x000012ac                stepper_b_setSetPoint
 .text.stepper_b_getPosition
                0x0000133a       0x28 StepperB.o
                0x0000133a                stepper_b_getPosition
 .text.stepper_b_setSpeed
                0x00001362      0x17c StepperB.o
                0x00001362                stepper_b_setSpeed
 .text.stepper_b_init
                0x000014de       0x80 StepperB.o
                0x000014de                stepper_b_init
 .text.stepper_b_getSpeed
                0x0000155e       0x28 StepperB.o
                0x0000155e                stepper_b_getSpeed
 .text.stepper_b_setPrescaler
                0x00001586       0x80 StepperB.o
                0x00001586                stepper_b_setPrescaler
 .text.stepper_b_setMotionState
                0x00001606       0x62 StepperB.o
                0x00001606                stepper_b_setMotionState
 .text.stepper_b_loop
                0x00001668      0x162 StepperB.o
                0x00001668                stepper_b_loop
 .text.__vector_32
                0x000017ca       0xbe StepperB.o
                0x000017ca                __vector_32
 .text.CDC_Device_ConfigureEndpoints
                0x00001888       0x4a src/LUFA/LUFA/Drivers/USB/Class/Device/CDCClassDevice.o
                0x00001888                CDC_Device_ConfigureEndpoints
 .text.CDC_Device_SendString
                0x000018d2       0x40 src/LUFA/LUFA/Drivers/USB/Class/Device/CDCClassDevice.o
                0x000018d2                CDC_Device_SendString
 .text.CDC_Device_SendByte
                0x00001912       0x56 src/LUFA/LUFA/Drivers/USB/Class/Device/CDCClassDevice.o
                0x00001912                CDC_Device_SendByte
 .text.CDC_Device_Flush
                0x00001968       0x5c src/LUFA/LUFA/Drivers/USB/Class/Device/CDCClassDevice.o
                0x00001968                CDC_Device_Flush
 .text.CDC_Device_USBTask
                0x000019c4       0x2c src/LUFA/LUFA/Drivers/USB/Class/Device/CDCClassDevice.o
                0x000019c4                CDC_Device_USBTask
 .text.CDC_Device_ReceiveByte
                0x000019f0       0x6a src/LUFA/LUFA/Drivers/USB/Class/Device/CDCClassDevice.o
                0x000019f0                CDC_Device_ReceiveByte
 .text.CDC_Device_Event_Stub
                0x00001a5a        0x2 src/LUFA/LUFA/Drivers/USB/Class/Device/CDCClassDevice.o
                0x00001a5a                CDC_Device_Event_Stub
                0x00001a5a                EVENT_CDC_Device_LineEncodingChanged
 .text.CDC_Device_Event_Stub_2
                0x00001a5c        0x2 src/LUFA/LUFA/Drivers/USB/Class/Device/CDCClassDevice.o
                0x00001a5c                EVENT_CDC_Device_BreakSent
                0x00001a5c                CDC_Device_Event_Stub_2
 .text.CDC_Device_ProcessControlRequest
                0x00001a5e      0x160 src/LUFA/LUFA/Drivers/USB/Class/Device/CDCClassDevice.o
                0x00001a5e                CDC_Device_ProcessControlRequest
 .text.Endpoint_Write_Stream_LE
                0x00001bbe       0x92 src/LUFA/LUFA/Drivers/USB/Core/AVR8/EndpointStream_AVR8.o
                0x00001bbe                Endpoint_Write_Stream_LE
 .text.Endpoint_Write_Control_Stream_LE
                0x00001c50       0xbc src/LUFA/LUFA/Drivers/USB/Core/AVR8/EndpointStream_AVR8.o
                0x00001c50                Endpoint_Write_Control_Stream_LE
 .text.Endpoint_Write_Control_PStream_LE
                0x00001d0c       0xc2 src/LUFA/LUFA/Drivers/USB/Core/AVR8/EndpointStream_AVR8.o
                0x00001d0c                Endpoint_Write_Control_PStream_LE
 .text.Endpoint_ConfigureEndpoint_Prv
                0x00001dce       0x6a src/LUFA/LUFA/Drivers/USB/Core/AVR8/Endpoint_AVR8.o
                0x00001dce                Endpoint_ConfigureEndpoint_Prv
 .text.Endpoint_ConfigureEndpointTable
                0x00001e38       0x7a src/LUFA/LUFA/Drivers/USB/Core/AVR8/Endpoint_AVR8.o
                0x00001e38                Endpoint_ConfigureEndpointTable
 .text.Endpoint_ClearStatusStage
                0x00001eb2       0x3e src/LUFA/LUFA/Drivers/USB/Core/AVR8/Endpoint_AVR8.o
                0x00001eb2                Endpoint_ClearStatusStage
 .text.Endpoint_WaitUntilReady
                0x00001ef0       0x66 src/LUFA/LUFA/Drivers/USB/Core/AVR8/Endpoint_AVR8.o
                0x00001ef0                Endpoint_WaitUntilReady
 .text.USB_ResetInterface
                0x00001f56       0x80 src/LUFA/LUFA/Drivers/USB/Core/AVR8/USBController_AVR8.o
                0x00001f56                USB_ResetInterface
 .text.USB_Init
                0x00001fd6       0x20 src/LUFA/LUFA/Drivers/USB/Core/AVR8/USBController_AVR8.o
                0x00001fd6                USB_Init
 .text.USB_INT_DisableAllInterrupts
                0x00001ff6       0x10 src/LUFA/LUFA/Drivers/USB/Core/AVR8/USBInterrupt_AVR8.o
                0x00001ff6                USB_INT_DisableAllInterrupts
 .text.USB_INT_ClearAllInterrupts
                0x00002006        0xa src/LUFA/LUFA/Drivers/USB/Core/AVR8/USBInterrupt_AVR8.o
                0x00002006                USB_INT_ClearAllInterrupts
 .text.__vector_10
                0x00002010      0x196 src/LUFA/LUFA/Drivers/USB/Core/AVR8/USBInterrupt_AVR8.o
                0x00002010                __vector_10
 .text.__vector_11
                0x000021a6       0x86 src/LUFA/LUFA/Drivers/USB/Core/AVR8/USBInterrupt_AVR8.o
                0x000021a6                __vector_11
 .text.USB_Device_ProcessControlRequest
                0x0000222c      0x2c4 src/LUFA/LUFA/Drivers/USB/Core/DeviceStandardReq.o
                0x0000222c                USB_Device_ProcessControlRequest
 .text.USB_Event_Stub
                0x000024f0        0x2 src/LUFA/LUFA/Drivers/USB/Core/Events.o
                0x000024f0                USB_Event_Stub
                0x000024f0                EVENT_USB_Device_Suspend
                0x000024f0                EVENT_USB_Device_StartOfFrame
                0x000024f0                EVENT_USB_Device_Reset
                0x000024f0                EVENT_USB_Device_WakeUp
 .text.USB_USBTask
                0x000024f2       0x34 src/LUFA/LUFA/Drivers/USB/Core/USBTask.o
                0x000024f2                USB_USBTask
 .text.startup.main
                0x00002526       0xb4 main.o
                0x00002526                main
 .text.EVENT_USB_Device_Connect
                0x000025da        0x2 main.o
                0x000025da                EVENT_USB_Device_Connect
 .text.EVENT_USB_Device_Disconnect
                0x000025dc        0x2 main.o
                0x000025dc                EVENT_USB_Device_Disconnect
 .text.EVENT_USB_Device_ConfigurationChanged
                0x000025de        0x6 main.o
                0x000025de                EVENT_USB_Device_ConfigurationChanged
 .text.EVENT_USB_Device_ControlRequest
                0x000025e4        0x6 main.o
                0x000025e4                EVENT_USB_Device_ControlRequest
 .text.EVENT_CDC_Device_ControLineStateChanged
                0x000025ea        0x2 main.o
                0x000025ea                EVENT_CDC_Device_ControLineStateChanged
 .text.avr-libc.fplib
                0x000025ec        0xa c:/program files (x86)/atmel/studio/7.0/toolchain/avr8/avr8-gnu-toolchain/bin/../lib/gcc/avr/5.4.0/../../../../avr/lib/avr5\libm.a(addsf3.o)
                0x000025ec                __subsf3
                0x000025ee                __addsf3
 .text.avr-libc.fplib
                0x000025f6       0xc0 c:/program files (x86)/atmel/studio/7.0/toolchain/avr8/avr8-gnu-toolchain/bin/../lib/gcc/avr/5.4.0/../../../../avr/lib/avr5\libm.a(addsf3x.o)
                0x00002610                __addsf3x
 .text.avr-libc.fplib
                0x000026b6        0x8 c:/program files (x86)/atmel/studio/7.0/toolchain/avr8/avr8-gnu-toolchain/bin/../lib/gcc/avr/5.4.0/../../../../avr/lib/avr5\libm.a(cmpsf2.o)
                0x000026b6                __nesf2
                0x000026b6                __eqsf2
                0x000026b6                __cmpsf2
                0x000026b6                __ltsf2
                0x000026b6                __lesf2
 .text.avr-libc.fplib
                0x000026be        0x4 c:/program files (x86)/atmel/studio/7.0/toolchain/avr8/avr8-gnu-toolchain/bin/../lib/gcc/avr/5.4.0/../../../../avr/lib/avr5\libm.a(divsf3.o)
                0x000026be                __divsf3
 .text.avr-libc.fplib
                0x000026c2       0xcc c:/program files (x86)/atmel/studio/7.0/toolchain/avr8/avr8-gnu-toolchain/bin/../lib/gcc/avr/5.4.0/../../../../avr/lib/avr5\libm.a(divsf3x.o)
                0x000026d8                __divsf3x
                0x000026dc                __divsf3_pse
 .text.avr-libc.fplib
                0x0000278e        0xa c:/program files (x86)/atmel/studio/7.0/toolchain/avr8/avr8-gnu-toolchain/bin/../lib/gcc/avr/5.4.0/../../../../avr/lib/avr5\libm.a(fixsfsi.o)
                0x0000278e                __fixsfsi
 .text.avr-libc.fplib
                0x00002798       0x58 c:/program files (x86)/atmel/studio/7.0/toolchain/avr8/avr8-gnu-toolchain/bin/../lib/gcc/avr/5.4.0/../../../../avr/lib/avr5\libm.a(fixunssfsi.o)
                0x00002798                __fixunssfsi
 .text.avr-libc.fplib
                0x000027f0       0x7a c:/program files (x86)/atmel/studio/7.0/toolchain/avr8/avr8-gnu-toolchain/bin/../lib/gcc/avr/5.4.0/../../../../avr/lib/avr5\libm.a(floatsisf.o)
                0x000027f0                __floatunsisf
                0x000027f4                __floatsisf
 .text.avr-libc.fplib
                0x0000286a       0x48 c:/program files (x86)/atmel/studio/7.0/toolchain/avr8/avr8-gnu-toolchain/bin/../lib/gcc/avr/5.4.0/../../../../avr/lib/avr5\libm.a(fp_cmp.o)
                0x0000286a                __fp_cmp
 .text.avr-libc.fplib
                0x000028b2        0xc c:/program files (x86)/atmel/studio/7.0/toolchain/avr8/avr8-gnu-toolchain/bin/../lib/gcc/avr/5.4.0/../../../../avr/lib/avr5\libm.a(fp_inf.o)
                0x000028b2                __fp_inf
 .text.avr-libc.fplib
                0x000028be        0x6 c:/program files (x86)/atmel/studio/7.0/toolchain/avr8/avr8-gnu-toolchain/bin/../lib/gcc/avr/5.4.0/../../../../avr/lib/avr5\libm.a(fp_nan.o)
                0x000028be                __fp_nan
 .text.avr-libc.fplib
                0x000028c4        0xe c:/program files (x86)/atmel/studio/7.0/toolchain/avr8/avr8-gnu-toolchain/bin/../lib/gcc/avr/5.4.0/../../../../avr/lib/avr5\libm.a(fp_pscA.o)
                0x000028c4                __fp_pscA
 .text.avr-libc.fplib
                0x000028d2        0xe c:/program files (x86)/atmel/studio/7.0/toolchain/avr8/avr8-gnu-toolchain/bin/../lib/gcc/avr/5.4.0/../../../../avr/lib/avr5\libm.a(fp_pscB.o)
                0x000028d2                __fp_pscB
 .text.avr-libc.fplib
                0x000028e0       0x22 c:/program files (x86)/atmel/studio/7.0/toolchain/avr8/avr8-gnu-toolchain/bin/../lib/gcc/avr/5.4.0/../../../../avr/lib/avr5\libm.a(fp_round.o)
                0x000028e0                __fp_round
 .text.avr-libc.fplib
                0x00002902       0x44 c:/program files (x86)/atmel/studio/7.0/toolchain/avr8/avr8-gnu-toolchain/bin/../lib/gcc/avr/5.4.0/../../../../avr/lib/avr5\libm.a(fp_split3.o)
                0x00002902                __fp_split3
                0x00002912                __fp_splitA
 .text.avr-libc.fplib
                0x00002946        0xe c:/program files (x86)/atmel/studio/7.0/toolchain/avr8/avr8-gnu-toolchain/bin/../lib/gcc/avr/5.4.0/../../../../avr/lib/avr5\libm.a(fp_zero.o)
                0x00002946                __fp_zero
                0x00002948                __fp_szero
 .text.avr-libc.fplib
                0x00002954        0x8 c:/program files (x86)/atmel/studio/7.0/toolchain/avr8/avr8-gnu-toolchain/bin/../lib/gcc/avr/5.4.0/../../../../avr/lib/avr5\libm.a(gesf2.o)
                0x00002954                __gesf2
                0x00002954                __gtsf2
 .text.avr-libc.fplib
                0x0000295c        0x4 c:/program files (x86)/atmel/studio/7.0/toolchain/avr8/avr8-gnu-toolchain/bin/../lib/gcc/avr/5.4.0/../../../../avr/lib/avr5\libm.a(mulsf3.o)
                0x0000295c                __mulsf3
 .text.avr-libc.fplib
                0x00002960       0xc2 c:/program files (x86)/atmel/studio/7.0/toolchain/avr8/avr8-gnu-toolchain/bin/../lib/gcc/avr/5.4.0/../../../../avr/lib/avr5\libm.a(mulsf3x.o)
                0x00002974                __mulsf3x
                0x00002978                __mulsf3_pse
 .text.avr-libc.fplib
                0x00002a22        0xe c:/program files (x86)/atmel/studio/7.0/toolchain/avr8/avr8-gnu-toolchain/bin/../lib/gcc/avr/5.4.0/../../../../avr/lib/avr5\libm.a(trunc.o)
                0x00002a22                trunc
 .text.avr-libc.fplib
                0x00002a30       0x36 c:/program files (x86)/atmel/studio/7.0/toolchain/avr8/avr8-gnu-toolchain/bin/../lib/gcc/avr/5.4.0/../../../../avr/lib/avr5\libm.a(fp_mintl.o)
                0x00002a30                __fp_mintl
 .text.avr-libc.fplib
                0x00002a66       0x1c c:/program files (x86)/atmel/studio/7.0/toolchain/avr8/avr8-gnu-toolchain/bin/../lib/gcc/avr/5.4.0/../../../../avr/lib/avr5\libm.a(fp_mpack.o)
                0x00002a66                __fp_mpack
                0x00002a6a                __fp_mpack_finite
 .text.avr-libc.fplib
                0x00002a82       0x2e c:/program files (x86)/atmel/studio/7.0/toolchain/avr8/avr8-gnu-toolchain/bin/../lib/gcc/avr/5.4.0/../../../../avr/lib/avr5\libm.a(fp_trunc.o)
                0x00002a82                __fp_trunc
 .text.avr-libc
                0x00002ab0        0x6 c:/program files (x86)/atmel/studio/7.0/toolchain/avr8/avr8-gnu-toolchain/bin/../lib/gcc/avr/5.4.0/../../../../avr/lib/avr5\libc.a(atof.o)
                0x00002ab0                atof
 .text.avr-libc
                0x00002ab6       0x16 c:/program files (x86)/atmel/studio/7.0/toolchain/avr8/avr8-gnu-toolchain/bin/../lib/gcc/avr/5.4.0/../../../../avr/lib/avr5\libc.a(strcat.o)
                0x00002ab6                strcat
 .text.avr-libc
                0x00002acc        0xe c:/program files (x86)/atmel/studio/7.0/toolchain/avr8/avr8-gnu-toolchain/bin/../lib/gcc/avr/5.4.0/../../../../avr/lib/avr5\libc.a(strcpy.o)
                0x00002acc                strcpy
 .text.avr-libc
                0x00002ada       0x3e c:/program files (x86)/atmel/studio/7.0/toolchain/avr8/avr8-gnu-toolchain/bin/../lib/gcc/avr/5.4.0/../../../../avr/lib/avr5\libc.a(sprintf.o)
                0x00002ada                sprintf
 .text.avr-libc
                0x00002b18      0x3a4 c:/program files (x86)/atmel/studio/7.0/toolchain/avr8/avr8-gnu-toolchain/bin/../lib/gcc/avr/5.4.0/../../../../avr/lib/avr5\libc.a(vfprintf_std.o)
                0x00002b18                vfprintf
 .text.avr-libc
                0x00002ebc      0x286 c:/program files (x86)/atmel/studio/7.0/toolchain/avr8/avr8-gnu-toolchain/bin/../lib/gcc/avr/5.4.0/../../../../avr/lib/avr5\libc.a(strtod.o)
                0x00002ebc                strtod
 .text.avr-libc
                0x00003142       0x10 c:/program files (x86)/atmel/studio/7.0/toolchain/avr8/avr8-gnu-toolchain/bin/../lib/gcc/avr/5.4.0/../../../../avr/lib/avr5\libc.a(isspace.o)
                0x00003142                isspace
 .text.avr-libc
                0x00003152       0x30 c:/program files (x86)/atmel/studio/7.0/toolchain/avr8/avr8-gnu-toolchain/bin/../lib/gcc/avr/5.4.0/../../../../avr/lib/avr5\libc.a(strncasecmp_P.o)
                0x00003152                strncasecmp_P
 .text.avr-libc
                0x00003182       0x16 c:/program files (x86)/atmel/studio/7.0/toolchain/avr8/avr8-gnu-toolchain/bin/../lib/gcc/avr/5.4.0/../../../../avr/lib/avr5\libc.a(strnlen_P.o)
                0x00003182                strnlen_P
 .text.avr-libc
                0x00003198       0x16 c:/program files (x86)/atmel/studio/7.0/toolchain/avr8/avr8-gnu-toolchain/bin/../lib/gcc/avr/5.4.0/../../../../avr/lib/avr5\libc.a(strnlen.o)
                0x00003198                strnlen
 .text.avr-libc
                0x000031ae       0x78 c:/program files (x86)/atmel/studio/7.0/toolchain/avr8/avr8-gnu-toolchain/bin/../lib/gcc/avr/5.4.0/../../../../avr/lib/avr5\libc.a(fputc.o)
                0x000031ae                fputc
 .text.avr-libc
                0x00003226       0xbc c:/program files (x86)/atmel/studio/7.0/toolchain/avr8/avr8-gnu-toolchain/bin/../lib/gcc/avr/5.4.0/../../../../avr/lib/avr5\libc.a(ultoa_invert.o)
                0x00003226                __ultoa_invert
 .text.avr-libc
                0x000032e2        0x6 c:/program files (x86)/atmel/studio/7.0/toolchain/avr8/avr8-gnu-toolchain/bin/../lib/gcc/avr/5.4.0/../../../../avr/lib/avr5\libc.a(cty_isfalse.o)
                0x000032e2                __ctype_isfalse
                0x000032e6                __ctype_istrue
 .text.avr-libc
                0x000032e8       0x20 C:/Program Files (x86)/Atmel/Studio/7.0/Packs/atmel/ATmega_DFP/1.6.364/gcc/dev/atmega32u4/avr5\libatmega32u4.a(eerd_block.o)
                0x000032e8                eeprom_read_block
                0x000032ec                eeprom_read_blraw
 .text.avr-libc
                0x00003308       0x1e C:/Program Files (x86)/Atmel/Studio/7.0/Packs/atmel/ATmega_DFP/1.6.364/gcc/dev/atmega32u4/avr5\libatmega32u4.a(eeupd_block.o)
                0x00003308                eeprom_update_block
 .text.avr-libc
                0x00003326       0x24 C:/Program Files (x86)/Atmel/Studio/7.0/Packs/atmel/ATmega_DFP/1.6.364/gcc/dev/atmega32u4/avr5\libatmega32u4.a(eeupd_byte.o)
                0x00003326                eeprom_update_byte
                0x00003328                eeprom_update_r18
 .text.libgcc.mul
                0x0000334a       0x14 c:/program files (x86)/atmel/studio/7.0/toolchain/avr8/avr8-gnu-toolchain/bin/../lib/gcc/avr/5.4.0/avr5\libgcc.a(_muluhisi3.o)
                0x0000334a                __muluhisi3
 .text.libgcc.prologue
                0x0000335e       0x38 c:/program files (x86)/atmel/studio/7.0/toolchain/avr8/avr8-gnu-toolchain/bin/../lib/gcc/avr/5.4.0/avr5\libgcc.a(_prologue.o)
                0x0000335e                __prologue_saves__
 .text.libgcc.prologue
                0x00003396       0x36 c:/program files (x86)/atmel/studio/7.0/toolchain/avr8/avr8-gnu-toolchain/bin/../lib/gcc/avr/5.4.0/avr5\libgcc.a(_epilogue.o)
                0x00003396                __epilogue_restores__
 .text.libgcc.mul
                0x000033cc       0x1e c:/program files (x86)/atmel/studio/7.0/toolchain/avr8/avr8-gnu-toolchain/bin/../lib/gcc/avr/5.4.0/avr5\libgcc.a(_umulhisi3.o)
                0x000033cc                __umulhisi3
                0x000033ea                . = ALIGN (0x2)
 *(.fini9)
 .fini9         0x000033ea        0x0 c:/program files (x86)/atmel/studio/7.0/toolchain/avr8/avr8-gnu-toolchain/bin/../lib/gcc/avr/5.4.0/avr5\libgcc.a(_exit.o)
                0x000033ea                _exit
                0x000033ea                exit
 *(.fini9)
 *(.fini8)
 *(.fini8)
 *(.fini7)
 *(.fini7)
 *(.fini6)
 *(.fini6)
 *(.fini5)
 *(.fini5)
 *(.fini4)
 *(.fini4)
 *(.fini3)
 *(.fini3)
 *(.fini2)
 *(.fini2)
 *(.fini1)
 *(.fini1)
 *(.fini0)
 .fini0         0x000033ea        0x4 c:/program files (x86)/atmel/studio/7.0/toolchain/avr8/avr8-gnu-toolchain/bin/../lib/gcc/avr/5.4.0/avr5\libgcc.a(_exit.o)
 *(.fini0)
                0x000033ee                _etext = .

.data           0x00800100       0x94 load address 0x000033ee
                0x00800100                PROVIDE (__data_start, .)
 *(.data)
 *(.data*)
 .data.VirtualSerial_CDC_Interface
                0x00800100       0x1b main.o
                0x00800100                VirtualSerial_CDC_Interface
 *(.gnu.linkonce.d*)
 *(.rodata)
 *(.rodata*)
 .rodata.str1.1
                0x0080011b       0x63 Communication.o
 .rodata.str1.1
                0x0080017e        0xc functions.o
                                  0xd (size before relaxing)
 .rodata.str1.1
                0x0080018a        0xa StepperA.o
 .rodata.str1.1
                0x00800194        0xa StepperB.o
 *(.gnu.linkonce.r*)
                0x0080019e                . = ALIGN (0x2)
                0x0080019e                _edata = .
                0x0080019e                PROVIDE (__data_end, .)

.bss            0x00800194      0x10e
                0x00800194                PROVIDE (__bss_start, .)
 *(.bss)
 *(.bss*)
 .bss.RxBufferData
                0x00800194       0x80 main.o
 .bss.RxBuffer  0x00800214        0xc main.o
 *(COMMON)
 COMMON         0x00800220       0x73 Communication.o
                0x00800220                stepper_a_setpoint
                0x00800224                testCounter
                0x00800226                stepper_a_moving
                0x00800227                stepper_a_hasPreviouslyMoved
                0x00800228                stepper_a_referencing
                0x00800229                stepper_b_direction
                0x0080022a                commandBuffer
                0x00800237                stepper_b_prescalerState
                0x00800238                stepper_b_position
                0x0080023c                commandState
                0x0080023d                stepper_a_hasPreviouslyHomed
                0x0080023e                stepper_a_prescalerState
                0x0080023f                stepper_b_settings
                0x0080025b                stepper_b_hasPreviouslyMoved
                0x0080025c                pCommandBuffer
                0x0080025e                stepper_b_setpoint
                0x00800262                stepper_a_settings
                0x0080027e                stepper_b_hasPreviouslyHomed
                0x0080027f                stepper_b_prescalerFactor
                0x00800281                stepper_a_position
                0x00800285                stepper_b_referencing
                0x00800286                driveState
                0x00800287                stepper_a_speed_factor
                0x0080028b                stepper_b_speed_factor
                0x0080028f                stepper_a_prescalerFactor
                0x00800291                stepper_a_direction
                0x00800292                stepper_b_moving
 COMMON         0x00800293        0x3 src/LUFA/LUFA/Drivers/USB/Core/DeviceStandardReq.o
                0x00800293                USB_Device_ConfigurationNumber
                0x00800294                USB_Device_CurrentlySelfPowered
                0x00800295                USB_Device_RemoteWakeupEnabled
 COMMON         0x00800296        0xa src/LUFA/LUFA/Drivers/USB/Core/USBTask.o
                0x00800296                USB_IsInitialized
                0x00800297                USB_DeviceState
                0x00800298                USB_ControlRequest
 COMMON         0x008002a0        0x2 c:/program files (x86)/atmel/studio/7.0/toolchain/avr8/avr8-gnu-toolchain/bin/../lib/gcc/avr/5.4.0/../../../../avr/lib/avr5\libc.a(errno.o)
                0x008002a0                errno
                0x008002a2                PROVIDE (__bss_end, .)
                0x000033ee                __data_load_start = LOADADDR (.data)
                0x00003482                __data_load_end = (__data_load_start + SIZEOF (.data))

.noinit         0x008002a2        0x0
                [!provide]                PROVIDE (__noinit_start, .)
 *(.noinit*)
                [!provide]                PROVIDE (__noinit_end, .)
                0x008002a2                _end = .
                [!provide]                PROVIDE (__heap_start, .)

.eeprom         0x00810000        0x0
 *(.eeprom*)
                0x00810000                __eeprom_end = .

.fuse
 *(.fuse)
 *(.lfuse)
 *(.hfuse)
 *(.efuse)

.lock
 *(.lock*)

.signature
 *(.signature*)

.user_signatures
 *(.user_signatures*)

.stab
 *(.stab)

.stabstr
 *(.stabstr)

.stab.excl
 *(.stab.excl)

.stab.exclstr
 *(.stab.exclstr)

.stab.index
 *(.stab.index)

.stab.indexstr
 *(.stab.indexstr)

.comment        0x00000000       0x5c
 *(.comment)
 .comment       0x00000000       0x30 Communication.o
                                 0x31 (size before relaxing)
 .comment       0x00000030       0x31 Descriptors.o
 .comment       0x00000030       0x31 functions.o
 .comment       0x00000030       0x31 Stepper.o
 .comment       0x00000030       0x31 StepperA.o
 .comment       0x00000030       0x31 StepperB.o
 .comment       0x00000030       0x31 src/LUFA/LUFA/Drivers/USB/Class/Device/CDCClassDevice.o
 .comment       0x00000030       0x31 src/LUFA/LUFA/Drivers/USB/Core/AVR8/EndpointStream_AVR8.o
 .comment       0x00000030       0x31 src/LUFA/LUFA/Drivers/USB/Core/AVR8/Endpoint_AVR8.o
 .comment       0x00000030       0x31 src/LUFA/LUFA/Drivers/USB/Core/AVR8/USBController_AVR8.o
 .comment       0x00000030       0x31 src/LUFA/LUFA/Drivers/USB/Core/AVR8/USBInterrupt_AVR8.o
 .comment       0x00000030       0x31 src/LUFA/LUFA/Drivers/USB/Core/DeviceStandardReq.o
 .comment       0x00000030       0x31 src/LUFA/LUFA/Drivers/USB/Core/Events.o
 .comment       0x00000030       0x31 src/LUFA/LUFA/Drivers/USB/Core/USBTask.o
 .comment       0x00000030       0x31 main.o
 .comment       0x00000030       0x31 c:/program files (x86)/atmel/studio/7.0/toolchain/avr8/avr8-gnu-toolchain/bin/../lib/gcc/avr/5.4.0/../../../../avr/lib/avr5\libc.a(sprintf.o)
 .comment       0x00000030       0x2c c:/program files (x86)/atmel/studio/7.0/toolchain/avr8/avr8-gnu-toolchain/bin/../lib/gcc/avr/5.4.0/../../../../avr/lib/avr5\libc.a(vfprintf_std.o)
                                 0x2d (size before relaxing)
 .comment       0x0000005c       0x31 c:/program files (x86)/atmel/studio/7.0/toolchain/avr8/avr8-gnu-toolchain/bin/../lib/gcc/avr/5.4.0/../../../../avr/lib/avr5\libc.a(strtod.o)
 .comment       0x0000005c       0x31 c:/program files (x86)/atmel/studio/7.0/toolchain/avr8/avr8-gnu-toolchain/bin/../lib/gcc/avr/5.4.0/../../../../avr/lib/avr5\libc.a(fputc.o)
 .comment       0x0000005c       0x2d c:/program files (x86)/atmel/studio/7.0/toolchain/avr8/avr8-gnu-toolchain/bin/../lib/gcc/avr/5.4.0/../../../../avr/lib/avr5\libc.a(errno.o)

.note.gnu.avr.deviceinfo
                0x00000000       0x40
 .note.gnu.avr.deviceinfo
                0x00000000       0x40 C:/Program Files (x86)/Atmel/Studio/7.0/Packs/atmel/ATmega_DFP/1.6.364/gcc/dev/atmega32u4/avr5/crtatmega32u4.o

.note.gnu.build-id
 *(.note.gnu.build-id)

.debug
 *(.debug)

.line
 *(.line)

.debug_srcinfo
 *(.debug_srcinfo)

.debug_sfnames
 *(.debug_sfnames)

.debug_aranges  0x00000000       0x60
 *(.debug_aranges)
 .debug_aranges
                0x00000000       0x20 C:/Program Files (x86)/Atmel/Studio/7.0/Packs/atmel/ATmega_DFP/1.6.364/gcc/dev/atmega32u4/avr5\libatmega32u4.a(eerd_block.o)
 .debug_aranges
                0x00000020       0x20 C:/Program Files (x86)/Atmel/Studio/7.0/Packs/atmel/ATmega_DFP/1.6.364/gcc/dev/atmega32u4/avr5\libatmega32u4.a(eeupd_block.o)
 .debug_aranges
                0x00000040       0x20 C:/Program Files (x86)/Atmel/Studio/7.0/Packs/atmel/ATmega_DFP/1.6.364/gcc/dev/atmega32u4/avr5\libatmega32u4.a(eeupd_byte.o)

.debug_pubnames
 *(.debug_pubnames)

.debug_info     0x00000000      0xbc6
 *(.debug_info .gnu.linkonce.wi.*)
 .debug_info    0x00000000      0x9f4 C:/Program Files (x86)/Atmel/Studio/7.0/Packs/atmel/ATmega_DFP/1.6.364/gcc/dev/atmega32u4/avr5/crtatmega32u4.o
 .debug_info    0x000009f4       0x9b C:/Program Files (x86)/Atmel/Studio/7.0/Packs/atmel/ATmega_DFP/1.6.364/gcc/dev/atmega32u4/avr5\libatmega32u4.a(eerd_block.o)
 .debug_info    0x00000a8f       0x9c C:/Program Files (x86)/Atmel/Studio/7.0/Packs/atmel/ATmega_DFP/1.6.364/gcc/dev/atmega32u4/avr5\libatmega32u4.a(eeupd_block.o)
 .debug_info    0x00000b2b       0x9b C:/Program Files (x86)/Atmel/Studio/7.0/Packs/atmel/ATmega_DFP/1.6.364/gcc/dev/atmega32u4/avr5\libatmega32u4.a(eeupd_byte.o)

.debug_abbrev   0x00000000      0x9a6
 *(.debug_abbrev)
 .debug_abbrev  0x00000000      0x96a C:/Program Files (x86)/Atmel/Studio/7.0/Packs/atmel/ATmega_DFP/1.6.364/gcc/dev/atmega32u4/avr5/crtatmega32u4.o
 .debug_abbrev  0x0000096a       0x14 C:/Program Files (x86)/Atmel/Studio/7.0/Packs/atmel/ATmega_DFP/1.6.364/gcc/dev/atmega32u4/avr5\libatmega32u4.a(eerd_block.o)
 .debug_abbrev  0x0000097e       0x14 C:/Program Files (x86)/Atmel/Studio/7.0/Packs/atmel/ATmega_DFP/1.6.364/gcc/dev/atmega32u4/avr5\libatmega32u4.a(eeupd_block.o)
 .debug_abbrev  0x00000992       0x14 C:/Program Files (x86)/Atmel/Studio/7.0/Packs/atmel/ATmega_DFP/1.6.364/gcc/dev/atmega32u4/avr5\libatmega32u4.a(eeupd_byte.o)

.debug_line     0x00000000      0x3a0
 *(.debug_line .debug_line.* .debug_line_end)
 .debug_line    0x00000000      0x19a C:/Program Files (x86)/Atmel/Studio/7.0/Packs/atmel/ATmega_DFP/1.6.364/gcc/dev/atmega32u4/avr5/crtatmega32u4.o
 .debug_line    0x0000019a       0xab C:/Program Files (x86)/Atmel/Studio/7.0/Packs/atmel/ATmega_DFP/1.6.364/gcc/dev/atmega32u4/avr5\libatmega32u4.a(eerd_block.o)
 .debug_line    0x00000245       0xa5 C:/Program Files (x86)/Atmel/Studio/7.0/Packs/atmel/ATmega_DFP/1.6.364/gcc/dev/atmega32u4/avr5\libatmega32u4.a(eeupd_block.o)
 .debug_line    0x000002ea       0xb6 C:/Program Files (x86)/Atmel/Studio/7.0/Packs/atmel/ATmega_DFP/1.6.364/gcc/dev/atmega32u4/avr5\libatmega32u4.a(eeupd_byte.o)

.debug_frame
 *(.debug_frame)

.debug_str      0x00000000      0x371
 *(.debug_str)
 .debug_str     0x00000000      0x371 C:/Program Files (x86)/Atmel/Studio/7.0/Packs/atmel/ATmega_DFP/1.6.364/gcc/dev/atmega32u4/avr5/crtatmega32u4.o

.debug_loc
 *(.debug_loc)

.debug_macinfo
 *(.debug_macinfo)

.debug_weaknames
 *(.debug_weaknames)

.debug_funcnames
 *(.debug_funcnames)

.debug_typenames
 *(.debug_typenames)

.debug_varnames
 *(.debug_varnames)

.debug_pubtypes
 *(.debug_pubtypes)

.debug_ranges
 *(.debug_ranges)

.debug_macro
 *(.debug_macro)
OUTPUT(DualStepperController.elf elf32-avr)
LOAD linker stubs
